  >>>>>>>>>Kinetic dimensionality reduction<<<<<<<<<<
  ...# microstates NS =          25  aggregates NCG =           2
 ...  rate cutoff RCUT=  0.3330E-03
 ... Testing A matrix
 1   0.0 1.0
 2   0.0 1.0
 3   0.0 1.0
 4   0.0 1.0
 5   1.0 0.0
 6   1.0 0.0
 7   0.0 1.0
 8   0.0 1.0
 9   0.0 1.0
10   0.0 1.0
11   0.0 1.0
12   0.0 1.0
13   1.0 0.0
14   0.0 1.0
15   0.0 1.0
16   0.0 1.0
17   1.0 0.0
18   1.0 0.0
19   0.0 1.0
20   0.0 1.0
21   0.0 1.0
22   0.0 1.0
23   0.0 1.0
24   0.0 1.0
25   0.0 1.0
  ...Data will be read from peqk135.dat                                                             
 ... Populations 
   1    0.161663
   2    0.037285
   3    0.066177
   4    0.029197
   5    0.024078
   6    0.046927
   7    0.037120
   8    0.084078
   9    0.021682
  10    0.043668
  11    0.034357
  12    0.114368
  13    0.040758
  14    0.029880
  15    0.010547
  16    0.080973
  17    0.009602
  18    0.009767
  19    0.032207
  20    0.020467
  21    0.014817
  22    0.005990
  23    0.023287
  24    0.003783
  25    0.017323
...... Testing: TOT =    1.000000
 ... Input rates 
   1 -10.804   0.420   1.491   1.199   0.007   0.099   1.217   0.906   0.215   0.794   0.015  12.132   0.000   0.173   0.016   0.107   0.000   0.017
       0.673   0.130   0.000   0.000   0.186   0.000   0.058
   2   0.097  -5.391   0.020   0.006   0.014   0.036   0.018   0.004   0.015   0.061   0.000   0.015   0.008   0.017   0.032   0.008   0.017   0.000
       0.031   8.070   0.529   0.000   0.000   0.000   0.010
   3   0.610   0.036  -4.634   0.029   0.021   0.007   0.058   0.406   0.015   0.237   0.956   0.758   0.016   0.028   0.000   0.373   0.017   0.000
       0.098   0.049   0.045   0.000   0.050   0.000   0.038
   4   0.216   0.004   0.013  -9.042   0.000   0.000   0.009   0.194   8.586   0.057   0.005   0.048   0.004   0.006   1.043   0.027   0.052   0.000
       0.021   0.008   0.022   0.000   0.000   0.485   0.000
   5   0.001   0.009   0.008   0.000  -0.401   0.025   0.004   0.000   0.000   0.000   0.165   0.000   0.020   0.006   0.000   0.000   0.000   0.034
       0.000   0.016   0.000   0.000   0.000   0.000   0.000
   6   0.029   0.045   0.005   0.000   0.048  -7.199   0.004   0.032   0.000   0.000   0.005   0.006   7.381   0.011   0.000   0.004   0.885   1.502
       0.016   0.024   0.022   0.000   0.000   0.000   0.019
   7   0.279   0.018   0.033   0.011   0.007   0.004  -9.303   0.172   0.015   0.057   0.369   0.045   0.000   8.216   0.885   0.029   0.000   0.000
       0.026   0.016   0.000   0.362   0.043   0.000   0.000
   8   0.471   0.009   0.516   0.559   0.000   0.057   0.391 -11.390   0.115   0.023   0.141   0.066   0.000   0.184   0.032   9.610   0.000   0.017
       0.062   0.000   0.495   0.000   0.129   0.000   0.067
   9   0.029   0.009   0.005   6.376   0.000   0.000   0.009   0.030 -11.331   0.023   0.000   0.239   0.000   0.000   0.601   0.171   0.069   0.000
       0.026   0.000   0.000   0.028   0.000   0.264   0.010
  10   0.214   0.072   0.156   0.086   0.000   0.000   0.067   0.012   0.046  -2.328   0.053   0.294   0.000   0.022   0.032   0.016   0.000   0.034
       0.186   0.057   0.011   0.083   0.014   0.000   0.038
  11   0.003   0.000   0.496   0.006   0.235   0.004   0.341   0.057   0.000   0.042  -2.290   0.003   0.020   0.379   0.047   0.068   0.000   0.000
       0.021   0.008   0.022   0.000   0.007   0.000   0.010
  12   8.583   0.045   1.310   0.188   0.000   0.014   0.139   0.089   1.261   0.771   0.010 -14.643   0.061   1.077   0.016   0.640   0.000   0.000
       0.466   0.537   0.000   0.000   0.050   0.044   0.269
  13   0.000   0.009   0.010   0.006   0.035   6.411   0.000   0.000   0.000   0.000   0.024   0.022  -8.007   0.017   0.000   0.025   0.503   1.075
       0.010   0.033   0.034   0.000   0.007   0.000   0.038
  14   0.032   0.013   0.013   0.006   0.007   0.007   6.614   0.065   0.000   0.015   0.330   0.281   0.012 -10.894   0.632   0.177   0.017   0.000
       0.005   0.016   0.000   0.167   0.000   0.000   0.000
  15   0.001   0.009   0.000   0.377   0.000   0.000   0.251   0.004   0.292   0.008   0.015   0.001   0.000   0.223  -3.445   0.002   0.035   0.000
       0.000   0.000   0.000   0.028   0.000   0.132   0.000
  16   0.054   0.018   0.456   0.074   0.000   0.007   0.063   9.255   0.638   0.031   0.160   0.453   0.049   0.480   0.016 -11.374   0.000   0.000
       0.031   0.008   0.326   0.000   0.050   0.000   0.135
  17   0.000   0.004   0.003   0.017   0.000   0.181   0.000   0.000   0.031   0.000   0.000   0.000   0.119   0.006   0.032   0.000  -1.736   0.119
       0.000   0.000   0.011   0.000   0.000   0.000   0.000
  18   0.001   0.000   0.000   0.000   0.014   0.313   0.000   0.002   0.000   0.008   0.000   0.000   0.258   0.000   0.000   0.000   0.122  -2.799
       0.000   0.000   0.000   0.000   0.000   0.000   0.000
  19   0.134   0.027   0.048   0.023   0.000   0.011   0.022   0.024   0.038   0.137   0.019   0.131   0.008   0.006   0.000   0.012   0.000   0.000
      -1.780   0.024   0.000   0.445   0.000   0.044   0.010
  20   0.016   4.430   0.015   0.006   0.014   0.011   0.009   0.000   0.000   0.027   0.005   0.096   0.016   0.011   0.000   0.002   0.000   0.000
       0.016  -9.463   0.641   0.000   0.000   0.000   0.000
  21   0.000   0.210   0.010   0.011   0.000   0.007   0.000   0.087   0.000   0.004   0.010   0.000   0.012   0.000   0.000   0.060   0.017   0.000
       0.000   0.464  -2.160   0.000   0.000   0.000   0.000
  22   0.000   0.000   0.000   0.000   0.000   0.000   0.058   0.000   0.008   0.011   0.000   0.000   0.000   0.033   0.016   0.000   0.000   0.000
       0.083   0.000   0.000  -1.391   0.043   0.000   0.038
  23   0.027   0.000   0.018   0.000   0.000   0.000   0.027   0.036   0.000   0.008   0.005   0.010   0.004   0.000   0.000   0.014   0.000   0.000
       0.000   0.000   0.000   0.167  -5.711   0.529   6.783
  24   0.000   0.000   0.000   0.063   0.000   0.000   0.000   0.000   0.046   0.000   0.000   0.001   0.000   0.000   0.047   0.000   0.000   0.000
       0.005   0.000   0.000   0.000   0.086  -1.674   0.038
  25   0.006   0.004   0.010   0.000   0.000   0.007   0.000   0.014   0.008   0.015   0.005   0.041   0.016   0.000   0.000   0.029   0.000   0.000
       0.005   0.000   0.000   0.111   5.046   0.176  -7.562
 ... Aggregate populations PCG
   1    0.131132
   2    0.868868
 ... WORK at step 2 
   1  10.966  -0.259  -1.329  -1.037   0.155   0.062  -1.055  -0.744  -0.054  -0.632   0.147 -11.970   0.162  -0.011   0.146   0.055   0.162   0.145
      -0.511   0.031   0.162   0.162  -0.024   0.162   0.104
   2  -0.060   5.428   0.017   0.032   0.023   0.002   0.019   0.033   0.022  -0.024   0.037   0.023   0.029   0.021   0.006   0.029   0.020   0.037
       0.006  -8.033  -0.491   0.037   0.037   0.037   0.028
   3  -0.544   0.030   4.700   0.038   0.045   0.059   0.008  -0.340   0.051  -0.170  -0.889  -0.692   0.050   0.038   0.066  -0.306   0.049   0.066
      -0.032   0.017   0.021   0.066   0.016   0.066   0.028
   4  -0.187   0.025   0.017   9.071   0.029   0.029   0.020  -0.165  -8.557  -0.028   0.024  -0.019   0.025   0.024  -1.014   0.002  -0.023   0.029
       0.008   0.021   0.007   0.029   0.029  -0.455   0.029
   5   0.023   0.015   0.017   0.024   0.426  -0.001   0.020   0.024   0.024   0.024  -0.141   0.024   0.004   0.019   0.024   0.024   0.024  -0.010
       0.024   0.008   0.024   0.024   0.024   0.024   0.024
   6   0.018   0.002   0.042   0.047  -0.002   7.246   0.042   0.015   0.047   0.047   0.042   0.041  -7.334   0.036   0.047   0.043  -0.838  -1.455
       0.031   0.022   0.024   0.047   0.047   0.047   0.028
   7  -0.242   0.019   0.004   0.026   0.030   0.034   9.340  -0.135   0.022  -0.020  -0.332  -0.008   0.037  -8.179  -0.848   0.008   0.037   0.037
       0.011   0.021   0.037  -0.325  -0.006   0.037   0.037
   8  -0.387   0.075  -0.432  -0.475   0.084   0.027  -0.307  11.474  -0.031   0.061  -0.057   0.019   0.084  -0.100   0.052  -9.526   0.084   0.067
       0.022   0.084  -0.411   0.084  -0.045   0.084   0.017
   9  -0.007   0.013   0.017  -6.355   0.022   0.022   0.013  -0.008  11.352  -0.001   0.022  -0.217   0.022   0.022  -0.579  -0.149  -0.048   0.022
      -0.004   0.022   0.022  -0.006   0.022  -0.243   0.012
  10  -0.171  -0.028  -0.112  -0.042   0.044   0.044  -0.024   0.032  -0.002   2.372  -0.010  -0.251   0.044   0.021   0.012   0.027   0.044   0.010
      -0.143  -0.013   0.032  -0.040   0.029   0.044   0.005
  11   0.031   0.034  -0.462   0.029  -0.201   0.031  -0.307  -0.023   0.034  -0.008   2.324   0.031   0.014  -0.345  -0.013  -0.034   0.034   0.034
       0.014   0.026   0.012   0.034   0.027   0.034   0.025
  12  -8.468   0.070  -1.195  -0.074   0.114   0.100  -0.025   0.025  -1.146  -0.657   0.105  14.757   0.053  -0.962   0.099  -0.526   0.114   0.114
      -0.351  -0.423   0.114   0.114   0.064   0.070  -0.155
  13   0.041   0.032   0.031   0.035   0.006  -6.370   0.041   0.041   0.041   0.041   0.017   0.019   8.047   0.024   0.041   0.016  -0.463  -1.034
       0.030   0.008   0.007   0.041   0.034   0.041   0.002
  14  -0.002   0.016   0.017   0.024   0.023   0.023  -6.584  -0.036   0.030   0.015  -0.300  -0.251   0.018  10.923  -0.602  -0.147   0.013   0.030
       0.025   0.014   0.030  -0.137   0.030   0.030   0.030
  15   0.010   0.002   0.011  -0.366   0.011   0.011  -0.241   0.007  -0.282   0.003  -0.004   0.009   0.011  -0.213   3.456   0.008  -0.024   0.011
       0.011   0.011   0.011  -0.017   0.011  -0.122   0.011
  16   0.027   0.063  -0.375   0.007   0.081   0.074   0.018  -9.174  -0.557   0.050  -0.079  -0.372   0.032  -0.399   0.065  11.455   0.081   0.081
       0.050   0.073  -0.245   0.081   0.031   0.081  -0.054
  17   0.010   0.005   0.007  -0.008   0.010  -0.172   0.010   0.010  -0.021   0.010   0.010   0.010  -0.109   0.004  -0.022   0.010   1.745  -0.110
       0.010   0.010  -0.002   0.010   0.010   0.010   0.010
  18   0.009   0.010   0.010   0.010  -0.004  -0.303   0.010   0.008   0.010   0.002   0.010   0.010  -0.248   0.010   0.010   0.010  -0.112   2.808
       0.010   0.010   0.010   0.010   0.010   0.010   0.010
  19  -0.102   0.005  -0.016   0.009   0.032   0.022   0.010   0.008  -0.006  -0.105   0.013  -0.099   0.024   0.027   0.032   0.020   0.032   0.032
       1.812   0.008   0.032  -0.413   0.032  -0.012   0.023
  20   0.004  -4.409   0.005   0.015   0.007   0.010   0.011   0.020   0.020  -0.006   0.016  -0.076   0.004   0.009   0.020   0.018   0.020   0.020
       0.005   9.483  -0.621   0.020   0.020   0.020   0.020
  21   0.015  -0.195   0.005   0.003   0.015   0.008   0.015  -0.072   0.015   0.011   0.005   0.015   0.003   0.015   0.015  -0.045  -0.003   0.015
       0.015  -0.449   2.175   0.015   0.015   0.015   0.015
  22   0.006   0.006   0.006   0.006   0.006   0.006  -0.052   0.006  -0.002  -0.005   0.006   0.006   0.006  -0.027  -0.010   0.006   0.006   0.006
      -0.077   0.006   0.006   1.397  -0.037   0.006  -0.032
  23  -0.004   0.023   0.006   0.023   0.023   0.023  -0.004  -0.012   0.023   0.016   0.018   0.013   0.019   0.023   0.023   0.009   0.023   0.023
       0.023   0.023   0.023  -0.144   5.735  -0.505  -6.759
  24   0.004   0.004   0.004  -0.059   0.004   0.004   0.004   0.004  -0.042   0.004   0.004   0.002   0.004   0.004  -0.044   0.004   0.004   0.004
      -0.001   0.004   0.004   0.004  -0.082   1.678  -0.035
  25   0.011   0.013   0.007   0.017   0.017   0.010   0.017   0.003   0.010   0.002   0.012  -0.023   0.001   0.017   0.017  -0.011   0.017   0.017
       0.012   0.017   0.017  -0.094  -5.028  -0.159   7.579
 ... Inverse at step 3
   1   0.421   0.076   0.275   0.236  -0.410  -0.450   0.220   0.207   0.234   0.264   0.117   0.376  -0.453   0.215   0.169   0.203  -0.463  -0.491
       0.230   0.078   0.042   0.066   0.009   0.042   0.009
   2   0.018   0.677   0.007  -0.002  -0.073  -0.057  -0.002   0.002  -0.002   0.020  -0.017   0.017  -0.059  -0.003  -0.008   0.001  -0.063  -0.070
       0.007   0.591   0.323  -0.034  -0.049  -0.044  -0.048
   3   0.113   0.012   0.309   0.071  -0.112  -0.186   0.079   0.098   0.072   0.093   0.131   0.114  -0.187   0.079   0.053   0.098  -0.191  -0.203
       0.070   0.013   0.017   0.013  -0.002   0.001  -0.002
   4   0.043  -0.002   0.031   0.280  -0.083  -0.084   0.034   0.041   0.222   0.032   0.012   0.042  -0.085   0.033   0.132   0.041  -0.070  -0.091
       0.025  -0.001   0.003   0.008  -0.000   0.110  -0.001
   5  -0.061  -0.047  -0.041  -0.069   2.519   0.077  -0.039  -0.060  -0.069  -0.065   0.131  -0.061   0.077  -0.038  -0.058  -0.060   0.046   0.093
      -0.070  -0.046  -0.057  -0.079  -0.089  -0.090  -0.088
   6  -0.131  -0.072  -0.132  -0.136   0.150   1.494  -0.137  -0.128  -0.135  -0.144  -0.113  -0.131   1.431  -0.134  -0.136  -0.128   1.230   1.385
      -0.136  -0.073  -0.071  -0.171  -0.141  -0.165  -0.134
   7   0.051  -0.002   0.044   0.043  -0.060  -0.108   0.276   0.047   0.042   0.037   0.081   0.050  -0.109   0.219   0.123   0.046  -0.108  -0.117
       0.029  -0.002  -0.002   0.085  -0.004   0.007  -0.005
   8   0.108   0.004   0.125   0.119  -0.209  -0.229   0.105   0.339   0.119   0.068   0.076   0.107  -0.230   0.107   0.085   0.294  -0.236  -0.250
       0.055   0.006   0.084   0.009   0.017   0.021   0.017
   9   0.031  -0.001   0.023   0.165  -0.062  -0.062   0.025   0.031   0.220   0.023   0.009   0.032  -0.063   0.024   0.094   0.031  -0.051  -0.068
       0.019  -0.001   0.002   0.007  -0.000   0.078  -0.000
  10   0.071   0.024   0.061   0.048  -0.118  -0.134   0.043   0.035   0.047   0.475   0.027   0.073  -0.135   0.041   0.034   0.035  -0.137  -0.140
       0.079   0.024   0.006   0.039  -0.005  -0.000  -0.004
  11   0.025  -0.016   0.068   0.014   0.187  -0.083   0.075   0.031   0.014   0.021   0.491   0.025  -0.082   0.076   0.036   0.031  -0.089  -0.089
       0.010  -0.015  -0.008   0.005  -0.022  -0.020  -0.022
  12   0.266   0.052   0.196   0.166  -0.290  -0.319   0.154   0.145   0.169   0.190   0.083   0.308  -0.321   0.155   0.120   0.145  -0.328  -0.348
       0.162   0.056   0.029   0.047   0.009   0.032   0.010
  13  -0.114  -0.064  -0.115  -0.118   0.130   1.243  -0.119  -0.111  -0.118  -0.126  -0.098  -0.114   1.317  -0.117  -0.119  -0.112   1.062   1.202
      -0.118  -0.064  -0.062  -0.148  -0.121  -0.143  -0.116
  14   0.040  -0.002   0.036   0.034  -0.047  -0.085   0.176   0.038   0.034   0.028   0.066   0.040  -0.086   0.233   0.097   0.038  -0.085  -0.093
       0.022  -0.001  -0.001   0.063  -0.005   0.004  -0.006
  15   0.011  -0.002   0.008   0.048  -0.026  -0.031   0.035   0.011   0.046   0.008   0.011   0.011  -0.031   0.034   0.326   0.011  -0.023  -0.033
       0.005  -0.002  -0.002   0.015  -0.002   0.040  -0.002
  16   0.102   0.003   0.120   0.113  -0.201  -0.221   0.100   0.284   0.116   0.065   0.074   0.103  -0.222   0.103   0.081   0.335  -0.228  -0.242
       0.052   0.005   0.078   0.008   0.015   0.020   0.016
  17  -0.027  -0.016  -0.028  -0.023   0.018   0.252  -0.028  -0.027  -0.023  -0.030  -0.025  -0.028   0.250  -0.027  -0.021  -0.027   0.787   0.261
      -0.029  -0.016  -0.014  -0.036  -0.031  -0.032  -0.030
  18  -0.030  -0.018  -0.030  -0.031   0.038   0.288  -0.031  -0.029  -0.030  -0.031  -0.025  -0.030   0.288  -0.030  -0.031  -0.029   0.265   0.630
      -0.031  -0.018  -0.018  -0.038  -0.032  -0.037  -0.031
  19   0.046   0.006   0.034   0.027  -0.094  -0.093   0.025   0.021   0.028   0.058   0.009   0.046  -0.094   0.024   0.016   0.021  -0.097  -0.102
       0.590   0.006  -0.005   0.178  -0.006   0.008  -0.006
  20   0.010   0.324   0.004  -0.001  -0.039  -0.032  -0.001   0.002  -0.001   0.011  -0.009   0.010  -0.032  -0.001  -0.004   0.001  -0.035  -0.039
       0.004   0.390   0.185  -0.019  -0.027  -0.024  -0.026
  21   0.004   0.128   0.004   0.001  -0.035  -0.023  -0.001   0.015   0.001   0.002  -0.003   0.004  -0.023  -0.001  -0.003   0.014  -0.022  -0.027
      -0.002   0.134   0.532  -0.015  -0.018  -0.016  -0.018
  22   0.002  -0.006   0.001   0.002  -0.020  -0.022   0.014   0.001   0.002   0.005   0.001   0.002  -0.022   0.013   0.008   0.001  -0.022  -0.023
       0.033  -0.005  -0.006   0.738   0.037   0.014   0.036
  23   0.001  -0.031  -0.001  -0.000  -0.086  -0.070  -0.002   0.005  -0.000  -0.003  -0.015   0.002  -0.069  -0.004  -0.004   0.004  -0.075  -0.077
      -0.004  -0.031  -0.028   0.143   0.849   0.334   0.760
  24   0.001  -0.004   0.000   0.014  -0.014  -0.013   0.001   0.001   0.014  -0.000  -0.002   0.001  -0.013   0.001   0.014   0.001  -0.013  -0.014
       0.001  -0.004  -0.004   0.009   0.054   0.625   0.051
  25   0.001  -0.022  -0.001  -0.000  -0.063  -0.050  -0.002   0.003  -0.000  -0.002  -0.011   0.002  -0.049  -0.003  -0.003   0.003  -0.054  -0.055
      -0.003  -0.022  -0.021   0.104   0.566   0.235   0.639
 ... 3: testing inverse: ICNT=0 is good
     ICNT=           0
 ... Matrix at step 5
   1   0.431  -0.300
   2  -0.300   1.168
 ... 6: testing inverse: ICNT=0 is good
     ICNT=           0
 ... Aggregate rates RHS [ns-1]
   1 -0.239440  0.036137
   2  0.239440 -0.036137
 ... Aggregate rates RHS [microseconds-1]
   1  -239.440    36.137
   2   239.440   -36.137
... Times=1/rates [ns] with RCUT=  0.000333
   1        4.18       27.67
   2        4.18       27.67
 ... Fluxes F(I,J)=1000*R(I,J)*PCG(J)[us-1]
   1    0.000000   31.398200
   2   31.398200    0.000000
 ... Symmetrized rates RHSS
   1 -0.239440  0.093019
   2  0.093019 -0.036137
 ... Eigenvalues as rates -EV(I), I=1,NS [ns-1]
  0.275577E+00 -0.130872E-06
 ... Lifetimes -1/EV(I) [ns], I=1,NS-1
      3.628748
 ... Eigenvectors of RHSS in rows 
   1  0.932131E+00 -0.362121E+00
   2  0.362121E+00  0.932131E+00
 ... L, R & sym EV with slowest rate
    2.574088    0.337544    0.932131
   -0.388487   -0.337544   -0.362121
 ... Peq in CG from zero eigenvector: normalized
 ... TOT =   1.0000000000000000     
 ...  VECR(I,NCG)/TOT  PCG 
   1    0.131132    0.131132
   2    0.868868    0.868868
 ... Testing diagonalization, ICNT=0 is good
 ... ICNT=           0
 ... PCG, RHS and eigenv written to redi,dat
