  >>>>>>>>>Kinetic dimensionality reduction<<<<<<<<<<
  ...# microstates NS =          28  aggregates NCG =           2
 ...  rate cutoff RCUT=  0.3330E-03
 ... Testing A matrix
 1   0.0 1.0
 2   0.0 1.0
 3   0.0 1.0
 4   0.0 1.0
 5   0.0 1.0
 6   0.0 1.0
 7   0.0 1.0
 8   0.0 1.0
 9   0.0 1.0
10   0.0 1.0
11   0.0 1.0
12   1.0 0.0
13   0.0 1.0
14   1.0 0.0
15   1.0 0.0
16   1.0 0.0
17   1.0 0.0
18   0.0 1.0
19   0.0 1.0
20   0.0 1.0
21   1.0 0.0
22   0.0 1.0
23   0.0 1.0
24   0.0 1.0
25   0.0 1.0
26   0.0 1.0
27   0.0 1.0
28   0.0 1.0
  ...Data will be read from peqk75.dat                                                              
 ... Populations 
   1    0.537045
   2    0.140848
   3    0.041352
   4    0.004848
   5    0.007748
   6    0.032957
   7    0.067572
   8    0.010033
   9    0.023810
  10    0.005505
  11    0.005900
  12    0.035670
  13    0.002755
  14    0.002248
  15    0.033345
  16    0.005948
  17    0.006408
  18    0.001963
  19    0.002207
  20    0.002495
  21    0.007260
  22    0.000785
  23    0.002300
  24    0.000305
  25    0.000667
  26    0.000550
  27    0.000210
  28    0.017262
...... Testing: TOT =    1.000000
 ... Input rates 
   1  -1.211   0.693   9.238   1.031   0.774   0.020   0.244   0.299   4.914   0.091   0.282   0.000   0.060   0.000   0.040   0.000   0.000   0.000
       0.000   0.000   0.000   0.000   0.217   0.000   0.250   0.000   0.000   1.052
   2   0.182  -1.465   0.052   0.069   0.194   0.192   0.002   9.203   0.063   0.000   0.028   0.009   0.302   0.074   0.000   0.028   0.000   0.000
       0.000   0.000   0.000   0.000   0.072   0.000   0.000   0.606   0.000   0.126
   3   0.711   0.015  -9.617   0.069   0.108   0.000   0.005   0.498   0.161   0.272   0.000   0.000   0.000   0.074   0.000   0.000   0.000   0.000
       0.076   0.000   0.000   0.212   0.000   0.000   0.000   0.000   0.000   0.068
   4   0.009   0.002   0.008  -1.238   0.000   0.000   0.000   0.000   0.000   0.000   0.000   0.000   0.000   0.000   0.000   0.000   0.000   0.085
       0.000   0.000   0.000   0.000   0.000   0.000   0.000   0.000   0.000   0.010
   5   0.011   0.011   0.020   0.000  -1.205   0.000   0.000   0.050   0.014   0.000   0.000   0.000   0.000   0.000   0.000   0.000   0.000   0.000
       0.000   0.000   0.000   0.000   0.000   0.000   0.000   0.000   0.000   0.010
   6   0.001   0.045   0.000   0.000   0.000  -1.173   0.072   0.033   0.000   0.000   0.000   0.000   0.121   0.000   0.000   0.056   0.000   0.085
       0.000  10.287   0.000   0.000   0.000   0.000   0.000   0.000   0.000   0.000
   7   0.031   0.001   0.008   0.000   0.000   0.147  -1.255   0.000   0.000   8.386   0.000   0.000   0.000   0.000   0.000   0.000   0.182   0.509
       6.118   0.067   0.000   0.000   0.000   0.000   1.500   0.000   0.000   0.000
   8   0.006   0.656   0.121   0.000   0.065   0.010   0.000 -10.199   0.014   0.000   0.000   0.000   0.000   0.000   0.000   0.000   0.000   0.000
       0.000   0.334   0.000   0.000   0.000   0.000   0.000   0.000   0.000   0.000
   9   0.218   0.011   0.093   0.000   0.043   0.000   0.000   0.033  -7.350   0.000   0.000   0.000   0.000   0.000   0.000   0.000   0.000   0.000
       0.000   0.000   0.000   0.000   0.072   0.000   0.000   0.000   0.000   3.003
  10   0.001   0.000   0.036   0.000   0.000   0.000   0.683   0.000   0.000  -8.962   0.000   0.000   0.000   0.000   0.000   0.000   0.000   0.085
       0.302   0.067   0.000   0.000   0.000   0.546   0.000   0.000   0.000   0.000
  11   0.003   0.001   0.000   0.000   0.000   0.000   0.000   0.000   0.000   0.000  -1.073   0.000   0.121   0.000   0.000   0.000   0.000   0.000
       0.000   0.000   0.000   4.883   0.072   0.000   0.250   0.000   0.000   0.000
  12   0.000   0.002   0.000   0.000   0.000   0.000   0.000   0.000   0.000   0.000   0.000  -1.196   0.000   4.077   0.965   0.140   0.000   0.000
       0.000   0.000   0.023   0.000   0.000   0.000   0.000   0.000   0.000   0.000
  13   0.000   0.006   0.000   0.000   0.000   0.010   0.000   0.000   0.000   0.000   0.056   0.000  -0.605   0.000   0.000   0.000   0.000   0.000
       0.000   0.000   0.000   0.000   0.000   0.000   0.000   0.000   0.000   0.000
  14   0.000   0.001   0.004   0.000   0.000   0.000   0.000   0.000   0.000   0.000   0.000   0.257   0.000  -9.489   0.350   0.000   0.000   0.000
       0.000   0.000   0.023   0.000   0.000   0.000   0.000   0.000   0.000   0.000
  15   0.002   0.000   0.000   0.000   0.000   0.000   0.000   0.000   0.000   0.000   0.000   0.902   0.000   5.189  -1.639   0.000   0.234   0.000
       0.000   0.000   1.102   0.000   0.000   0.000   0.000   0.000   0.000   0.000
  16   0.000   0.001   0.000   0.000   0.000   0.010   0.000   0.000   0.000   0.000   0.000   0.023   0.000   0.000   0.000  -1.233   0.052   0.000
       0.000   0.000   0.000   0.000   0.000   0.546   0.000  10.000   0.000   0.000
  17   0.000   0.000   0.000   0.000   0.000   0.000   0.017   0.000   0.000   0.000   0.000   0.000   0.000   0.000   0.045   0.056  -1.196   0.000
       0.076   0.000   0.000   0.000   0.000  14.754   0.000   0.000   0.000   0.000
  18   0.000   0.000   0.000   0.034   0.000   0.005   0.015   0.000   0.000   0.030   0.000   0.000   0.000   0.000   0.000   0.000   0.000  -4.584
       2.644   0.000   0.000   0.000   0.000   0.000   0.250   0.000   0.000   0.087
  19   0.000   0.000   0.004   0.000   0.000   0.000   0.200   0.000   0.000   0.121   0.000   0.000   0.000   0.000   0.000   0.000   0.026   2.971
      -9.215   0.000   0.000   0.000   0.000   0.000   0.000   0.000   0.000   0.000
  20   0.000   0.000   0.000   0.000   0.000   0.779   0.002   0.083   0.000   0.030   0.000   0.000   0.000   0.000   0.000   0.000   0.000   0.000
       0.000 -10.822   0.000   0.000   0.000   0.000   0.000   0.303   0.000   0.000
  21   0.000   0.000   0.000   0.000   0.000   0.000   0.000   0.000   0.000   0.000   0.000   0.005   0.000   0.074   0.240   0.000   0.000   0.000
       0.000   0.000  -1.148   0.000   0.000   0.000   0.000   0.000   0.000   0.000
  22   0.000   0.000   0.004   0.000   0.000   0.000   0.000   0.000   0.000   0.000   0.650   0.000   0.000   0.000   0.000   0.000   0.000   0.000
       0.000   0.000   0.000  -5.096   0.000   0.000   0.000   0.000   0.000   0.000
  23   0.001   0.001   0.000   0.000   0.000   0.000   0.000   0.000   0.007   0.000   0.028   0.000   0.000   0.000   0.000   0.000   0.000   0.000
       0.000   0.000   0.000   0.000  -0.435   0.000   0.000   0.000   0.000   0.000
  24   0.000   0.000   0.000   0.000   0.000   0.000   0.000   0.000   0.000   0.030   0.000   0.000   0.000   0.000   0.000   0.028   0.702   0.000
       0.000   0.000   0.000   0.000   0.000 -16.393   0.000   0.000   0.794   0.000
  25   0.000   0.000   0.000   0.000   0.000   0.000   0.015   0.000   0.000   0.000   0.028   0.000   0.000   0.000   0.000   0.000   0.000   0.085
       0.000   0.000   0.000   0.000   0.000   0.000  -3.500   0.000   3.968   0.000
  26   0.000   0.002   0.000   0.000   0.000   0.000   0.000   0.000   0.000   0.000   0.000   0.000   0.000   0.000   0.000   0.925   0.000   0.000
       0.000   0.067   0.000   0.000   0.000   0.000   0.000 -10.909   0.000   0.000
  27   0.000   0.000   0.000   0.000   0.000   0.000   0.000   0.000   0.000   0.000   0.000   0.000   0.000   0.000   0.000   0.000   0.000   0.000
       0.000   0.000   0.000   0.000   0.000   0.546   1.250   0.000  -4.762   0.000
  28   0.034   0.015   0.028   0.034   0.022   0.000   0.000   0.000   2.177   0.000   0.000   0.000   0.000   0.000   0.000   0.000   0.000   0.764
       0.000   0.000   0.000   0.000   0.000   0.000   0.000   0.000   0.000  -4.355
 ... Aggregate populations PCG
   1    0.090881
   2    0.909119
 ... WORK at step 2 
   1   1.748  -0.156  -8.701  -0.494  -0.237   0.517   0.293   0.238  -4.377   0.446   0.255   0.537   0.477   0.537   0.497   0.537   0.537   0.537
       0.537   0.537   0.537   0.537   0.320   0.537   0.287   0.537   0.537  -0.515
   2  -0.041   1.606   0.088   0.072  -0.053  -0.051   0.138  -9.062   0.078   0.141   0.113   0.132  -0.162   0.067   0.141   0.113   0.141   0.141
       0.141   0.141   0.141   0.141   0.068   0.141   0.141  -0.465   0.141   0.015
   3  -0.670   0.026   9.658  -0.027  -0.066   0.041   0.036  -0.457  -0.120  -0.231   0.041   0.041   0.041  -0.033   0.041   0.041   0.041   0.041
      -0.034   0.041   0.041  -0.171   0.041   0.041   0.041   0.041   0.041  -0.026
   4  -0.004   0.002  -0.003   1.242   0.005   0.005   0.005   0.005   0.005   0.005   0.005   0.005   0.005   0.005   0.005   0.005   0.005  -0.080
       0.005   0.005   0.005   0.005   0.005   0.005   0.005   0.005   0.005  -0.005
   5  -0.003  -0.003  -0.012   0.008   1.212   0.008   0.008  -0.042  -0.006   0.008   0.008   0.008   0.008   0.008   0.008   0.008   0.008   0.008
       0.008   0.008   0.008   0.008   0.008   0.008   0.008   0.008   0.008  -0.002
   6   0.032  -0.012   0.033   0.033   0.033   1.206  -0.039  -0.000   0.033   0.033   0.033   0.033  -0.088   0.033   0.033  -0.023   0.033  -0.052
       0.033 -10.254   0.033   0.033   0.033   0.033   0.033   0.033   0.033   0.033
   7   0.037   0.066   0.060   0.068   0.068  -0.079   1.323   0.068   0.068  -8.319   0.068   0.068   0.068   0.068   0.068   0.068  -0.114  -0.442
      -6.050   0.001   0.068   0.068   0.068   0.068  -1.432   0.068   0.068   0.068
   8   0.004  -0.646  -0.111   0.010  -0.054  -0.000   0.010  10.209  -0.004   0.010   0.010   0.010   0.010   0.010   0.010   0.010   0.010   0.010
       0.010  -0.324   0.010   0.010   0.010   0.010   0.010   0.010   0.010   0.010
   9  -0.194   0.013  -0.069   0.024  -0.019   0.024   0.024  -0.009   7.374   0.024   0.024   0.024   0.024   0.024   0.024   0.024   0.024   0.024
       0.024   0.024   0.024   0.024  -0.049   0.024   0.024   0.024   0.024  -2.979
  10   0.005   0.006  -0.031   0.006   0.006   0.006  -0.678   0.006   0.006   8.967   0.006   0.006   0.006   0.006   0.006   0.006   0.006  -0.079
      -0.297  -0.061   0.006   0.006   0.006  -0.541   0.006   0.006   0.006   0.006
  11   0.003   0.005   0.006   0.006   0.006   0.006   0.006   0.006   0.006   0.006   1.079   0.006  -0.115   0.006   0.006   0.006   0.006   0.006
       0.006   0.006   0.006  -4.877  -0.067   0.006  -0.244   0.006   0.006   0.006
  12   0.036   0.033   0.036   0.036   0.036   0.036   0.036   0.036   0.036   0.036   0.036   1.232   0.036  -4.041  -0.929  -0.104   0.036   0.036
       0.036   0.036   0.013   0.036   0.036   0.036   0.036   0.036   0.036   0.036
  13   0.002  -0.003   0.003   0.003   0.003  -0.007   0.003   0.003   0.003   0.003  -0.054   0.003   0.608   0.003   0.003   0.003   0.003   0.003
       0.003   0.003   0.003   0.003   0.003   0.003   0.003   0.003   0.003   0.003
  14   0.002   0.001  -0.002   0.002   0.002   0.002   0.002   0.002   0.002   0.002   0.002  -0.255   0.002   9.491  -0.348   0.002   0.002   0.002
       0.002   0.002  -0.021   0.002   0.002   0.002   0.002   0.002   0.002   0.002
  15   0.031   0.033   0.033   0.033   0.033   0.033   0.033   0.033   0.033   0.033   0.033  -0.868   0.033  -5.156   1.673   0.033  -0.201   0.033
       0.033   0.033  -1.069   0.033   0.033   0.033   0.033   0.033   0.033   0.033
  16   0.006   0.005   0.006   0.006   0.006  -0.004   0.006   0.006   0.006   0.006   0.006  -0.017   0.006   0.006   0.006   1.239  -0.046   0.006
       0.006   0.006   0.006   0.006   0.006  -0.540   0.006  -9.994   0.006   0.006
  17   0.006   0.006   0.006   0.006   0.006   0.006  -0.011   0.006   0.006   0.006   0.006   0.006   0.006   0.006  -0.039  -0.050   1.203   0.006
      -0.069   0.006   0.006   0.006   0.006 -14.748   0.006   0.006   0.006   0.006
  18   0.002   0.002   0.002  -0.032   0.002  -0.003  -0.013   0.002   0.002  -0.028   0.002   0.002   0.002   0.002   0.002   0.002   0.002   4.586
      -2.642   0.002   0.002   0.002   0.002   0.002  -0.248   0.002   0.002  -0.085
  19   0.002   0.002  -0.002   0.002   0.002   0.002  -0.198   0.002   0.002  -0.119   0.002   0.002   0.002   0.002   0.002   0.002  -0.024  -2.969
       9.217   0.002   0.002   0.002   0.002   0.002   0.002   0.002   0.002   0.002
  20   0.002   0.002   0.002   0.002   0.002  -0.776   0.000  -0.081   0.002  -0.028   0.002   0.002   0.002   0.002   0.002   0.002   0.002   0.002
       0.002  10.824   0.002   0.002   0.002   0.002   0.002  -0.301   0.002   0.002
  21   0.007   0.007   0.007   0.007   0.007   0.007   0.007   0.007   0.007   0.007   0.007   0.003   0.007  -0.067  -0.233   0.007   0.007   0.007
       0.007   0.007   1.155   0.007   0.007   0.007   0.007   0.007   0.007   0.007
  22   0.001   0.001  -0.003   0.001   0.001   0.001   0.001   0.001   0.001   0.001  -0.649   0.001   0.001   0.001   0.001   0.001   0.001   0.001
       0.001   0.001   0.001   5.096   0.001   0.001   0.001   0.001   0.001   0.001
  23   0.001   0.001   0.002   0.002   0.002   0.002   0.002   0.002  -0.005   0.002  -0.026   0.002   0.002   0.002   0.002   0.002   0.002   0.002
       0.002   0.002   0.002   0.002   0.437   0.002   0.002   0.002   0.002   0.002
  24   0.000   0.000   0.000   0.000   0.000   0.000   0.000   0.000   0.000  -0.030   0.000   0.000   0.000   0.000   0.000  -0.028  -0.702   0.000
       0.000   0.000   0.000   0.000   0.000  16.394   0.000   0.000  -0.793   0.000
  25   0.000   0.001   0.001   0.001   0.001   0.001  -0.014   0.001   0.001   0.001  -0.028   0.001   0.001   0.001   0.001   0.001   0.001  -0.084
       0.001   0.001   0.001   0.001   0.001   0.001   3.501   0.001  -3.968   0.001
  26   0.001  -0.002   0.001   0.001   0.001   0.001   0.001   0.001   0.001   0.001   0.001   0.001   0.001   0.001   0.001  -0.924   0.001   0.001
       0.001  -0.066   0.001   0.001   0.001   0.001   0.001  10.910   0.001   0.001
  27   0.000   0.000   0.000   0.000   0.000   0.000   0.000   0.000   0.000   0.000   0.000   0.000   0.000   0.000   0.000   0.000   0.000   0.000
       0.000   0.000   0.000   0.000   0.000  -0.546  -1.250   0.000   4.762   0.000
  28  -0.017   0.002  -0.011  -0.017  -0.004   0.017   0.017   0.017  -2.160   0.017   0.017   0.017   0.017   0.017   0.017   0.017   0.017  -0.747
       0.017   0.017   0.017   0.017   0.017   0.017   0.017   0.017   0.017   4.372
 ... Inverse at step 3
   1   2.404   1.399   2.304   1.831   1.721  -0.872  -0.344   1.398   2.216  -0.319   0.372 -13.024  -0.048 -12.726 -12.797  -7.767  -7.561  -0.042
      -0.352  -0.884 -13.268   0.347   0.631  -7.173  -0.815  -7.116  -1.988   2.069
   2   0.367   1.309   0.363   0.291   0.445   0.232  -0.184   1.202   0.349  -0.181   0.035  -3.308   0.512  -3.233  -3.262  -1.696  -1.940  -0.117
      -0.190   0.234  -3.385   0.021   0.142  -1.837  -0.311  -1.488  -0.595   0.340
   3   0.177   0.107   0.274   0.140   0.136  -0.067  -0.024   0.111   0.167  -0.020   0.029  -1.001  -0.005  -0.977  -0.983  -0.597  -0.580  -0.002
      -0.024  -0.068  -1.020   0.031   0.044  -0.550  -0.062  -0.547  -0.152   0.156
   4   0.017   0.010   0.016   0.820   0.011  -0.010  -0.004   0.010   0.016  -0.003  -0.001  -0.121  -0.003  -0.118  -0.119  -0.072  -0.070   0.017
       0.001  -0.010  -0.123  -0.001   0.001  -0.066  -0.007  -0.067  -0.018   0.016
   5   0.025   0.024   0.025   0.018   0.849  -0.013  -0.012   0.027   0.025  -0.012  -0.002  -0.193  -0.001  -0.189  -0.190  -0.115  -0.115  -0.008
      -0.012  -0.013  -0.197  -0.002   0.003  -0.109  -0.019  -0.105  -0.036   0.025
   6  -0.054   0.054  -0.053  -0.065  -0.057   2.389   0.318   0.068  -0.057   0.304  -0.057  -0.646   0.434  -0.636  -0.640   0.148  -0.173   0.259
       0.290   2.275  -0.668  -0.063  -0.113  -0.138   0.181   0.198   0.120  -0.054
   7  -0.043  -0.088  -0.040  -0.051  -0.108   0.652   2.395  -0.083  -0.049   2.271  -0.123  -1.242  -0.054  -1.212  -1.208  -0.443   0.339   1.727
       2.155   0.638  -1.267  -0.133  -0.220   0.409   1.620  -0.400   1.404  -0.029
   8   0.026   0.086   0.027   0.020   0.035   0.021  -0.012   0.177   0.025  -0.012   0.002  -0.237   0.033  -0.232  -0.233  -0.122  -0.138  -0.008
      -0.013   0.023  -0.242   0.001   0.009  -0.131  -0.022  -0.107  -0.042   0.024
   9   0.098   0.059   0.096   0.077   0.078  -0.041  -0.017   0.059   0.261  -0.016   0.012  -0.582  -0.006  -0.569  -0.572  -0.348  -0.338   0.019
      -0.011  -0.042  -0.593   0.010   0.050  -0.321  -0.037  -0.319  -0.089   0.202
  10  -0.003  -0.007  -0.003  -0.004  -0.009   0.051   0.185  -0.007  -0.004   0.287  -0.010  -0.101  -0.005  -0.098  -0.098  -0.036   0.028   0.139
       0.172   0.050  -0.103  -0.011  -0.018   0.037   0.126  -0.033   0.110  -0.002
  11   0.004   0.001   0.004  -0.001  -0.001  -0.010  -0.011   0.001   0.003  -0.011   2.300  -0.154   0.449  -0.151  -0.151  -0.092  -0.083  -0.005
      -0.010  -0.011  -0.156   2.203   0.372  -0.073   0.218  -0.085   0.168   0.002
  12  -0.865  -0.838  -0.863  -0.887  -0.889  -0.699  -0.656  -0.842  -0.872  -0.653  -0.929   9.818  -0.890   9.285   9.165   4.006   4.016  -0.683
      -0.631  -0.679   9.149  -0.933  -0.954   3.735  -0.354   3.603   0.320  -0.874
  13  -0.000   0.010  -0.000  -0.002  -0.000   0.036  -0.002   0.009  -0.001  -0.002   0.210  -0.069   1.703  -0.067  -0.068  -0.031  -0.038  -0.002
      -0.003   0.034  -0.070   0.200   0.030  -0.035   0.015  -0.027   0.006  -0.001
  14  -0.053  -0.052  -0.053  -0.055  -0.055  -0.043  -0.040  -0.052  -0.054  -0.040  -0.057   0.585  -0.055   0.676   0.577   0.240   0.252  -0.042
      -0.039  -0.042   0.578  -0.058  -0.059   0.234  -0.021   0.216   0.021  -0.054
  15  -0.795  -0.772  -0.793  -0.816  -0.818  -0.647  -0.596  -0.776  -0.801  -0.594  -0.855   8.567  -0.821   8.564   8.831   3.545   3.845  -0.622
      -0.572  -0.630   8.791  -0.859  -0.879   3.568  -0.309   3.186   0.330  -0.803
  16  -0.086  -0.072  -0.086  -0.089  -0.088   0.027  -0.039  -0.072  -0.087  -0.039  -0.093   0.668  -0.067   0.636   0.632   2.955   0.635  -0.045
      -0.036   0.039   0.628  -0.093  -0.099   0.672   0.007   2.705   0.117  -0.087
  17  -0.090  -0.088  -0.090  -0.092  -0.095  -0.034   0.032  -0.088  -0.091   0.033  -0.090   0.722  -0.089   0.718   0.739   0.684   2.191   0.017
       0.044  -0.031   0.733  -0.092  -0.105   2.012   0.170   0.621   0.476  -0.090
  18  -0.000  -0.002  -0.000   0.007  -0.002   0.015   0.050  -0.002   0.002   0.049  -0.002  -0.038  -0.001  -0.037  -0.037  -0.015   0.005   0.306
       0.123   0.015  -0.038  -0.002  -0.005   0.007   0.061  -0.014   0.052   0.007
  19  -0.001  -0.003  -0.001   0.001  -0.004   0.019   0.070  -0.003  -0.001   0.069  -0.004  -0.039  -0.002  -0.038  -0.038  -0.013   0.015   0.138
       0.197   0.019  -0.040  -0.004  -0.007   0.017   0.057  -0.012   0.050   0.001
  20  -0.004   0.004  -0.004  -0.005  -0.004   0.172   0.024   0.006  -0.004   0.023  -0.005  -0.048   0.031  -0.047  -0.047   0.016  -0.012   0.019
       0.021   0.256  -0.049  -0.005  -0.009  -0.009   0.013   0.022   0.009  -0.004
  21  -0.179  -0.174  -0.179  -0.184  -0.184  -0.147  -0.136  -0.175  -0.181  -0.136  -0.192   1.862  -0.185   1.865   1.914   0.766   0.830  -0.142
      -0.131  -0.143   2.777  -0.193  -0.198   0.770  -0.074   0.688   0.065  -0.181
  22   0.001   0.000   0.001  -0.000  -0.000  -0.002  -0.002   0.000   0.000  -0.002   0.293  -0.021   0.057  -0.020  -0.020  -0.012  -0.011  -0.001
      -0.001  -0.002  -0.021   0.477   0.047  -0.010   0.028  -0.011   0.021   0.000
  23   0.003   0.002   0.002   0.001   0.001  -0.008  -0.008   0.002   0.005  -0.007   0.145  -0.062   0.025  -0.060  -0.061  -0.038  -0.038  -0.006
      -0.007  -0.008  -0.063   0.139   2.321  -0.036   0.006  -0.035  -0.002   0.003
  24  -0.004  -0.004  -0.004  -0.004  -0.004  -0.001   0.002  -0.004  -0.004   0.002  -0.004   0.032  -0.004   0.032   0.033   0.034   0.096   0.001
       0.002  -0.001   0.032  -0.004  -0.005   0.150   0.013   0.031   0.036  -0.004
  25  -0.001  -0.001  -0.001  -0.001  -0.002   0.004   0.016  -0.001  -0.001   0.015   0.025  -0.007   0.004  -0.006  -0.006   0.001   0.018   0.021
       0.017   0.004  -0.007   0.023   0.002   0.028   0.423   0.001   0.357  -0.001
  26  -0.007  -0.006  -0.007  -0.008  -0.007   0.003  -0.003  -0.006  -0.007  -0.003  -0.008   0.056  -0.005   0.053   0.053   0.250   0.053  -0.004
      -0.003   0.005   0.052  -0.008  -0.008   0.056   0.001   0.321   0.010  -0.007
  27  -0.001  -0.001  -0.001  -0.001  -0.001   0.001   0.004  -0.001  -0.001   0.004   0.006   0.002   0.000   0.002   0.002   0.004   0.016   0.006
       0.005   0.001   0.002   0.006  -0.000   0.025   0.113   0.004   0.308  -0.001
  28   0.066   0.042   0.065   0.059   0.055  -0.028  -0.007   0.041   0.147  -0.007   0.005  -0.423  -0.006  -0.413  -0.416  -0.252  -0.243   0.059
       0.008  -0.029  -0.431   0.004   0.026  -0.230  -0.020  -0.231  -0.058   0.347
 ... 3: testing inverse: ICNT=0 is good
     ICNT=           0
 ... Matrix at step 5
   1   1.883  -1.792
   2  -1.792   2.701
 ... 6: testing inverse: ICNT=0 is good
     ICNT=           0
 ... Aggregate rates RHS [ns-1]
   1 -0.040068  0.004005
   2  0.040068 -0.004005
 ... Aggregate rates RHS [microseconds-1]
   1   -40.068     4.005
   2    40.068    -4.005
... Times=1/rates [ns] with RCUT=  0.000333
   1       24.96      249.66
   2       24.96      249.66
 ... Fluxes F(I,J)=1000*R(I,J)*PCG(J)[us-1]
   1    0.000000    3.641434
   2    3.641434    0.000000
 ... Symmetrized rates RHSS
   1 -0.040068  0.012669
   2  0.012669 -0.004005
 ... Eigenvalues as rates -EV(I), I=1,NS [ns-1]
  0.440736E-01 -0.102357E-08
 ... Lifetimes -1/EV(I) [ns], I=1,NS-1
     22.689302
 ... Eigenvectors of RHSS in rows 
   1  0.953477E+00 -0.301465E+00
   2  0.301465E+00  0.953477E+00
 ... L, R & sym EV with slowest rate
    3.162816    0.287440    0.953477
   -0.316174   -0.287440   -0.301465
 ... Peq in CG from zero eigenvector: normalized
 ... TOT =  0.99999999999999989     
 ...  VECR(I,NCG)/TOT  PCG 
   1    0.090881    0.090881
   2    0.909119    0.909119
 ... Testing diagonalization, ICNT=0 is good
 ... ICNT=           0
 ... PCG, RHS and eigenv written to redi,dat
