  >>>>>>>>>Kinetic dimensionality reduction<<<<<<<<<<
  ...# microstates NS =          29  aggregates NCG =           2
 ...  rate cutoff RCUT=  0.3330E-03
 ... Testing A matrix
 1   0.0 1.0
 2   0.0 1.0
 3   0.0 1.0
 4   0.0 1.0
 5   0.0 1.0
 6   0.0 1.0
 7   1.0 0.0
 8   1.0 0.0
 9   1.0 0.0
10   0.0 1.0
11   0.0 1.0
12   0.0 1.0
13   0.0 1.0
14   0.0 1.0
15   0.0 1.0
16   1.0 0.0
17   0.0 1.0
18   0.0 1.0
19   0.0 1.0
20   0.0 1.0
21   0.0 1.0
22   1.0 0.0
23   0.0 1.0
24   0.0 1.0
25   0.0 1.0
26   0.0 1.0
27   0.0 1.0
28   0.0 1.0
29   1.0 0.0
  ...Data will be read from peqk70.dat                                                              
 ... Populations 
   1    0.084511
   2    0.166736
   3    0.043832
   4    0.066957
   5    0.140179
   6    0.097860
   7    0.019761
   8    0.017374
   9    0.060238
  10    0.031915
  11    0.001233
  12    0.020771
  13    0.000680
  14    0.026048
  15    0.013171
  16    0.013682
  17    0.011206
  18    0.005275
  19    0.026836
  20    0.040287
  21    0.023491
  22    0.003975
  23    0.016958
  24    0.023280
  25    0.024321
  26    0.001295
  27    0.005970
  28    0.011771
  29    0.000385
...... Testing: TOT =    1.000000
 ... Input rates 
   1  -2.670   0.369   0.027   0.080   0.076   0.324   0.000   0.000   0.000   0.026   0.000   0.032   0.000   0.000   2.746   0.000   0.000   0.032
       0.099   1.746   0.007   0.000   0.029   0.115   0.021   0.000   0.084   0.014   0.000
   2   0.728  -8.082   0.202   1.688   1.092  10.071   0.008   0.000   0.003   0.063   0.541   0.032   0.000   0.134   0.215   0.000   0.015   0.190
       0.012   0.149   0.043   0.000   0.256   0.007   0.075   0.000   0.000   0.071   0.000
   3   0.014   0.053  -6.556   0.012   0.018   0.049   0.000   0.000   0.000   0.893   0.000   0.000   0.000   7.979   0.000   0.000   0.000   0.000
       0.211   0.008   1.000   0.000   0.000   0.129   0.007   0.129   0.000   0.000   0.000
   4   0.063   0.678   0.019 -16.031   6.090   0.739   0.000   0.000   0.003   0.115   0.541   0.008   0.000   0.000   0.165   0.000   0.045   0.063
       0.006   0.348   0.050   0.000   0.079   0.021   0.110   0.000   0.000   0.057   0.000
   5   0.126   0.918   0.057  12.750  -8.654   1.414   0.000   0.000   0.000   0.298   0.541   0.024   0.245   0.070   0.430   0.012   0.074   0.063
       0.006   0.625   0.071   0.000   0.226   0.029   0.075   0.000   0.056   0.127   0.000
   6   0.375   5.911   0.110   1.080   0.987 -12.774   0.000   0.000   0.000   0.042   0.541   0.024   0.490   0.090   0.152   0.000   0.030   0.190
       0.019   0.103   0.014   0.000   0.098   0.007   0.075   0.000   0.028   0.000   0.000
   7   0.000   0.001   0.000   0.000   0.000   0.000  -0.253   0.029   0.066   0.000   0.000   0.008   0.000   0.000   0.000   0.000   0.015   0.000
       0.000   0.000   0.000   0.000   0.000   0.000   0.000   0.000   0.000   0.000   0.000
   8   0.000   0.000   0.000   0.000   0.000   0.000   0.025 -15.157   4.292   0.000   0.000   0.024   0.000   0.000   0.000   0.158   0.045   0.000
       0.000   0.000   0.000   0.294   0.000   0.000   0.000   0.000   0.000   0.000   0.000
   9   0.000   0.001   0.000   0.002   0.000   0.000   0.202  14.879  -4.648   0.000   0.000   0.040   0.000   0.000   0.000   0.950   0.119   0.000
       0.000   0.000   0.000   0.461   0.000   0.000   0.000   0.000   0.000   0.000   0.433
  10   0.010   0.012   0.650   0.055   0.068   0.014   0.000   0.000   0.000  -7.620   0.000   0.008   0.000   0.998   0.013   0.000   0.000   0.063
       0.068   0.021   6.918   0.000   0.010   0.208   0.014   0.000   0.000   0.014   0.000
  11   0.000   0.004   0.000   0.010   0.005   0.007   0.000   0.000   0.000   0.000  -2.162   0.000   0.000   0.000   0.000   0.000   0.000   0.000
       0.000   0.000   0.000   0.000   0.000   0.000   0.000   0.000   0.000   0.000   0.000
  12   0.008   0.004   0.000   0.002   0.004   0.005   0.008   0.029   0.014   0.005   0.000  -0.257   0.000   0.000   0.000   0.012   0.015   0.000
       0.006   0.008   0.007   0.000   0.000   0.000   0.000   0.000   0.000   0.000   0.433
  13   0.000   0.000   0.000   0.000   0.001   0.003   0.000   0.000   0.000   0.000   0.000   0.000  -1.471   0.000   0.000   0.000   0.000   0.000
       0.000   0.000   0.000   0.000   0.029   0.000   0.000   0.000   0.000   0.000   0.000
  14   0.000   0.021   4.742   0.000   0.013   0.024   0.000   0.000   0.000   0.815   0.000   0.000   0.000  -9.995   0.000   0.000   0.000   0.000
       0.137   0.008   0.568   0.000   0.000   0.057   0.000   0.000   0.000   0.014   0.000
  15   0.428   0.017   0.000   0.032   0.040   0.020   0.000   0.000   0.000   0.005   0.000   0.000   0.000   0.000  -7.644   0.000   0.000   0.032
       0.006   1.254   0.000   0.000   0.020   0.014   0.000   0.000   0.028   0.000   0.000
  16   0.000   0.000   0.000   0.000   0.001   0.000   0.000   0.125   0.216   0.000   0.000   0.008   0.000   0.000   0.000  -2.631   0.015   0.000
       0.000   0.000   0.000   5.115   0.000   0.000   0.000   0.000   0.000   0.000   0.000
  17   0.000   0.001   0.000   0.007   0.006   0.003   0.008   0.029   0.022   0.000   0.000   0.008   0.000   0.000   0.000   0.012  -3.124   0.000
       0.012   0.000   0.007   0.000   0.000   0.000   0.397   0.000   0.251   1.628   0.000
  18   0.002   0.006   0.000   0.005   0.002   0.010   0.000   0.000   0.000   0.010   0.000   0.000   0.000   0.000   0.013   0.000   0.000  -0.695
       0.000   0.004   0.000   0.000   0.000   0.000   0.000   0.000   0.000   0.014   0.000
  19   0.032   0.002   0.129   0.002   0.001   0.005   0.000   0.000   0.000   0.057   0.000   0.008   0.000   0.141   0.013   0.000   0.030   0.000
      -1.888   0.012   0.028   0.000   0.000   1.446   0.007   0.000   0.000   0.000   0.000
  20   0.832   0.036   0.008   0.209   0.180   0.043   0.000   0.000   0.000   0.026   0.000   0.016   0.000   0.013   3.834   0.000   0.000   0.032
       0.019  -4.352   0.014   0.000   0.029   0.050   0.000   0.000   0.112   0.000   0.000
  21   0.002   0.006   0.536   0.017   0.012   0.003   0.000   0.000   0.000   5.092   0.000   0.008   0.000   0.512   0.000   0.000   0.015   0.000
       0.025   0.008  -8.855   0.000   0.000   0.107   0.007   0.000   0.000   0.028   0.000
  22   0.000   0.000   0.000   0.000   0.000   0.000   0.000   0.067   0.030   0.000   0.000   0.000   0.000   0.000   0.000   1.486   0.000   0.000
       0.000   0.000   0.000  -5.870   0.000   0.000   0.000   0.000   0.000   0.000   0.000
  23   0.006   0.026   0.000   0.020   0.027   0.017   0.000   0.000   0.000   0.005   0.000   0.000   0.735   0.000   0.025   0.000   0.000   0.000
       0.000   0.012   0.000   0.000  -0.826   0.000   0.021   0.000   0.028   0.014   0.000
  24   0.032   0.001   0.068   0.007   0.005   0.002   0.000   0.000   0.000   0.151   0.000   0.000   0.000   0.051   0.025   0.000   0.000   0.000
       1.255   0.029   0.106   0.000   0.000  -2.191   0.000   0.000   0.000   0.000   0.000
  25   0.006   0.011   0.004   0.040   0.013   0.019   0.000   0.000   0.000   0.010   0.000   0.000   0.000   0.000   0.000   0.000   0.863   0.000
       0.006   0.000   0.007   0.000   0.029   0.000  -1.425   0.129   0.503   1.005   0.000
  26   0.000   0.000   0.004   0.000   0.000   0.000   0.000   0.000   0.000   0.000   0.000   0.000   0.000   0.000   0.000   0.000   0.000   0.000
       0.000   0.000   0.000   0.000   0.000   0.000   0.007  -0.257   0.000   0.000   0.000
  27   0.006   0.000   0.000   0.000   0.002   0.002   0.000   0.000   0.000   0.000   0.000   0.000   0.000   0.000   0.013   0.000   0.134   0.000
       0.000   0.017   0.000   0.000   0.010   0.000   0.123   0.000  -1.340   0.127   0.000
  28   0.002   0.005   0.000   0.010   0.011   0.000   0.000   0.000   0.000   0.005   0.000   0.000   0.000   0.006   0.000   0.000   1.711   0.032
       0.000   0.000   0.014   0.000   0.010   0.000   0.487   0.000   0.251  -3.115   0.000
  29   0.000   0.000   0.000   0.000   0.000   0.000   0.000   0.000   0.003   0.000   0.000   0.008   0.000   0.000   0.000   0.000   0.000   0.000
       0.000   0.000   0.000   0.000   0.000   0.000   0.000   0.000   0.000   0.000  -0.866
 ... Aggregate populations PCG
   1    0.115416
   2    0.884584
 ... WORK at step 2 
   1   2.755  -0.284   0.058   0.005   0.008  -0.239   0.085   0.085   0.085   0.058   0.085   0.052   0.085   0.085  -2.662   0.085   0.085   0.053
      -0.015  -1.661   0.077   0.085   0.055  -0.030   0.064   0.085   0.001   0.070   0.085
   2  -0.561   8.249  -0.035  -1.521  -0.925  -9.904   0.158   0.167   0.164   0.104  -0.374   0.135   0.167   0.032  -0.048   0.167   0.152  -0.023
       0.154   0.018   0.124   0.167  -0.089   0.160   0.091   0.167   0.167   0.096   0.167
   3   0.030  -0.009   6.599   0.031   0.026  -0.006   0.044   0.044   0.044  -0.849   0.044   0.044   0.044  -7.935   0.044   0.044   0.044   0.044
      -0.167   0.036  -0.957   0.044   0.044  -0.085   0.037  -0.085   0.044   0.044   0.044
   4   0.004  -0.611   0.048  16.098  -6.023  -0.672   0.067   0.067   0.064  -0.048  -0.474   0.059   0.067   0.067  -0.098   0.067   0.022   0.004
       0.061  -0.281   0.017   0.067  -0.012   0.045  -0.043   0.067   0.067   0.010   0.067
   5   0.014  -0.777   0.083 -12.610   8.794  -1.273   0.140   0.140   0.140  -0.158  -0.400   0.116  -0.105   0.070  -0.290   0.128   0.066   0.077
       0.134  -0.485   0.069   0.140  -0.086   0.112   0.065   0.140   0.084   0.013   0.140
   6  -0.277  -5.813  -0.012  -0.982  -0.889  12.872   0.098   0.098   0.098   0.056  -0.443   0.074  -0.392   0.008  -0.054   0.098   0.068  -0.092
       0.079  -0.006   0.084   0.098  -0.000   0.091   0.022   0.098   0.070   0.098   0.098
   7   0.020   0.019   0.020   0.020   0.020   0.020   0.273  -0.009  -0.047   0.020   0.020   0.012   0.020   0.020   0.020   0.020   0.005   0.020
       0.020   0.020   0.020   0.020   0.020   0.020   0.020   0.020   0.020   0.020   0.020
   8   0.017   0.017   0.017   0.017   0.017   0.017  -0.008  15.175  -4.274   0.017   0.017  -0.007   0.017   0.017   0.017  -0.141  -0.027   0.017
       0.017   0.017   0.017  -0.276   0.017   0.017   0.017   0.017   0.017   0.017   0.017
   9   0.060   0.059   0.060   0.058   0.060   0.060  -0.142 -14.819   4.709   0.060   0.060   0.020   0.060   0.060   0.060  -0.890  -0.059   0.060
       0.060   0.060   0.060  -0.401   0.060   0.060   0.060   0.060   0.060   0.060  -0.373
  10   0.022   0.020  -0.618  -0.023  -0.036   0.018   0.032   0.032   0.032   7.652   0.032   0.024   0.032  -0.966   0.019   0.032   0.032  -0.031
      -0.036   0.011  -6.886   0.032   0.022  -0.176   0.018   0.032   0.032   0.018   0.032
  11   0.001  -0.003   0.001  -0.009  -0.004  -0.006   0.001   0.001   0.001   0.001   2.163   0.001   0.001   0.001   0.001   0.001   0.001   0.001
       0.001   0.001   0.001   0.001   0.001   0.001   0.001   0.001   0.001   0.001   0.001
  12   0.013   0.017   0.021   0.018   0.017   0.016   0.012  -0.008   0.007   0.016   0.021   0.278   0.021   0.021   0.021   0.009   0.006   0.021
       0.015   0.012   0.014   0.021   0.021   0.021   0.021   0.021   0.021   0.021  -0.412
  13   0.001   0.001   0.001   0.001  -0.001  -0.003   0.001   0.001   0.001   0.001   0.001   0.001   1.471   0.001   0.001   0.001   0.001   0.001
       0.001   0.001   0.001   0.001  -0.029   0.001   0.001   0.001   0.001   0.001   0.001
  14   0.026   0.005  -4.716   0.026   0.013   0.002   0.026   0.026   0.026  -0.789   0.026   0.026   0.026  10.021   0.026   0.026   0.026   0.026
      -0.111   0.018  -0.542   0.026   0.026  -0.031   0.026   0.026   0.026   0.012   0.026
  15  -0.415  -0.004   0.013  -0.019  -0.027  -0.007   0.013   0.013   0.013   0.008   0.013   0.013   0.013   0.013   7.657   0.013   0.013  -0.018
       0.007  -1.240   0.013   0.013  -0.006  -0.001   0.013   0.013  -0.015   0.013   0.013
  16   0.014   0.014   0.014   0.014   0.012   0.014   0.014  -0.111  -0.202   0.014   0.014   0.006   0.014   0.014   0.014   2.645  -0.001   0.014
       0.014   0.014   0.014  -5.102   0.014   0.014   0.014   0.014   0.014   0.014   0.014
  17   0.011   0.010   0.011   0.004   0.005   0.008   0.003  -0.018  -0.011   0.011   0.011   0.003   0.011   0.011   0.011  -0.001   3.135   0.011
      -0.001   0.011   0.004   0.011   0.011   0.011  -0.386   0.011  -0.240  -1.617   0.011
  18   0.003  -0.001   0.005   0.000   0.003  -0.005   0.005   0.005   0.005  -0.005   0.005   0.005   0.005   0.005  -0.007   0.005   0.005   0.700
       0.005   0.001   0.005   0.005   0.005   0.005   0.005   0.005   0.005  -0.009   0.005
  19  -0.005   0.025  -0.102   0.024   0.026   0.022   0.027   0.027   0.027  -0.031   0.027   0.019   0.027  -0.114   0.014   0.027  -0.003   0.027
       1.915   0.014  -0.002   0.027   0.027  -1.419   0.020   0.027   0.027   0.027   0.027
  20  -0.792   0.004   0.033  -0.169  -0.139  -0.002   0.040   0.040   0.040   0.014   0.040   0.024   0.040   0.027  -3.794   0.040   0.040   0.009
       0.022   4.393   0.026   0.040   0.011  -0.010   0.040   0.040  -0.071   0.040   0.040
  21   0.022   0.017  -0.513   0.006   0.012   0.020   0.023   0.023   0.023  -5.068   0.023   0.015   0.023  -0.488   0.023   0.023   0.009   0.023
      -0.001   0.015   8.878   0.023   0.023  -0.084   0.017   0.023   0.023  -0.005   0.023
  22   0.004   0.004   0.004   0.004   0.004   0.004   0.004  -0.063  -0.026   0.004   0.004   0.004   0.004   0.004   0.004  -1.482   0.004   0.004
       0.004   0.004   0.004   5.874   0.004   0.004   0.004   0.004   0.004   0.004   0.004
  23   0.011  -0.009   0.017  -0.003  -0.010  -0.000   0.017   0.017   0.017   0.012   0.017   0.017  -0.718   0.017  -0.008   0.017   0.017   0.017
       0.017   0.005   0.017   0.017   0.843   0.017  -0.004   0.017  -0.011   0.003   0.017
  24  -0.008   0.022  -0.045   0.016   0.019   0.022   0.023   0.023   0.023  -0.128   0.023   0.023   0.023  -0.028  -0.002   0.023   0.023   0.023
      -1.231  -0.006  -0.083   0.023   0.023   2.214   0.023   0.023   0.023   0.023   0.023
  25   0.018   0.013   0.021  -0.016   0.011   0.006   0.024   0.024   0.024   0.014   0.024   0.024   0.024   0.024   0.024   0.024  -0.838   0.024
       0.018   0.024   0.017   0.024  -0.005   0.024   1.450  -0.104  -0.478  -0.981   0.024
  26   0.001   0.001  -0.003   0.001   0.001   0.001   0.001   0.001   0.001   0.001   0.001   0.001   0.001   0.001   0.001   0.001   0.001   0.001
       0.001   0.001   0.001   0.001   0.001   0.001  -0.006   0.259   0.001   0.001   0.001
  27   0.000   0.006   0.006   0.006   0.004   0.004   0.006   0.006   0.006   0.006   0.006   0.006   0.006   0.006  -0.007   0.006  -0.128   0.006
       0.006  -0.011   0.006   0.006  -0.004   0.006  -0.117   0.006   1.346  -0.121   0.006
  28   0.010   0.007   0.012   0.002   0.001   0.012   0.012   0.012   0.012   0.007   0.012   0.012   0.012   0.005   0.012   0.012  -1.699  -0.020
       0.012   0.012  -0.002   0.012   0.002   0.012  -0.475   0.012  -0.239   3.127   0.012
  29   0.000   0.000   0.000   0.000   0.000   0.000   0.000   0.000  -0.002   0.000   0.000  -0.008   0.000   0.000   0.000   0.000   0.000   0.000
       0.000   0.000   0.000   0.000   0.000   0.000   0.000   0.000   0.000   0.000   0.866
 ... Inverse at step 3
   1   0.909   0.476   0.267   0.455   0.454   0.474  -2.556  -2.448  -2.449   0.268   0.426  -0.816   0.356   0.264   0.723  -2.467  -0.199   0.346
       0.267   0.688   0.261  -2.479   0.359   0.280  -0.005  -0.198   0.048  -0.081  -1.730
   2   0.939   1.195   0.570   1.032   1.028   1.137  -5.004  -4.796  -4.799   0.565   1.021  -1.667   0.842   0.566   0.915  -4.832  -0.335   0.756
       0.410   0.910   0.552  -4.856   0.809   0.430   0.054  -0.336   0.051  -0.099  -3.426
   3   0.138   0.150   0.870   0.148   0.149   0.150  -1.383  -1.326  -1.327   0.649   0.129  -0.488   0.088   0.803   0.136  -1.336  -0.142   0.120
       0.502   0.138   0.662  -1.342   0.087   0.493  -0.047   0.241  -0.058  -0.080  -0.958
   4   0.360   0.415   0.226   0.512   0.469   0.416  -2.004  -1.918  -1.919   0.232   0.422  -0.671   0.334   0.224   0.367  -1.932  -0.117   0.289
       0.163   0.371   0.225  -1.941   0.325   0.173   0.038  -0.128   0.034  -0.023  -1.372
   5   0.754   0.865   0.476   0.981   1.032   0.870  -4.199  -4.019  -4.021   0.488   0.872  -1.406   0.709   0.473   0.769  -4.048  -0.251   0.601
       0.343   0.777   0.475  -4.068   0.684   0.364   0.072  -0.271   0.069  -0.052  -2.875
   6   0.549   0.667   0.335   0.609   0.607   0.719  -2.939  -2.816  -2.817   0.332   0.605  -0.978   0.511   0.332   0.537  -2.837  -0.194   0.449
       0.241   0.534   0.324  -2.851   0.472   0.253   0.034  -0.196   0.033  -0.057  -2.011
   7  -0.598  -0.593  -0.624  -0.591  -0.592  -0.594   7.235   3.715   3.723  -0.619  -0.602   0.891  -0.608  -0.624  -0.599   3.605   0.049  -0.604
      -0.625  -0.598  -0.619   3.616  -0.596  -0.630  -0.245  -0.511  -0.273  -0.139   2.284
   8  -0.503  -0.500  -0.526  -0.498  -0.498  -0.500   3.266   3.735   3.684  -0.521  -0.507   0.830  -0.512  -0.526  -0.505   3.580   0.085  -0.508
      -0.526  -0.503  -0.521   3.593  -0.501  -0.531  -0.182  -0.421  -0.207  -0.085   2.237
   9  -1.746  -1.734  -1.823  -1.726  -1.728  -1.734  11.349  12.774  12.828  -1.808  -1.758   2.870  -1.777  -1.823  -1.750  12.424   0.294  -1.763
      -1.826  -1.745  -1.807  12.463  -1.740  -1.841  -0.633  -1.462  -0.718  -0.298   7.779
  10   0.101   0.108   0.472   0.110   0.111   0.108  -0.999  -0.957  -0.958   0.649   0.095  -0.343   0.066   0.479   0.100  -0.964  -0.096   0.104
       0.346   0.102   0.595  -0.969   0.066   0.356  -0.028   0.098  -0.036  -0.050  -0.687
  11   0.006   0.008   0.004   0.008   0.008   0.008  -0.038  -0.036  -0.036   0.004   0.470  -0.013   0.006   0.004   0.006  -0.036  -0.003   0.005
       0.002   0.006   0.004  -0.036   0.005   0.003  -0.000  -0.003  -0.000  -0.001  -0.026
  12  -0.201  -0.208  -0.231  -0.208  -0.208  -0.208   0.936   0.992   0.990  -0.223  -0.218   4.068  -0.232  -0.231  -0.205   0.978  -0.038  -0.233
      -0.224  -0.201  -0.223   0.976  -0.229  -0.231  -0.133  -0.263  -0.142  -0.099   2.505
  13   0.003   0.003   0.001   0.003   0.003   0.004  -0.021  -0.020  -0.020   0.001   0.003  -0.008   0.695   0.001   0.003  -0.020  -0.001   0.002
       0.001   0.003   0.001  -0.020   0.027   0.001   0.000  -0.002   0.001  -0.000  -0.015
  14   0.082   0.088   0.477   0.087   0.088   0.088  -0.822  -0.788  -0.788   0.391   0.076  -0.290   0.052   0.546   0.080  -0.794  -0.084   0.071
       0.300   0.081   0.397  -0.798   0.051   0.294  -0.028   0.123  -0.035  -0.047  -0.569
  15   0.113   0.072   0.041   0.072   0.072   0.072  -0.399  -0.382  -0.383   0.041   0.066  -0.130   0.057   0.041   0.247  -0.385  -0.031   0.059
       0.040   0.134   0.040  -0.387   0.059   0.042  -0.001  -0.031   0.011  -0.013  -0.271
  16  -0.399  -0.397  -0.417  -0.395  -0.395  -0.397   2.496   2.819   2.822  -0.413  -0.402   0.644  -0.406  -0.417  -0.400   3.483   0.060  -0.403
      -0.418  -0.399  -0.413   3.395  -0.398  -0.421  -0.149  -0.336  -0.168  -0.073   1.717
  17  -0.026  -0.022  -0.036  -0.020  -0.020  -0.022   0.028   0.055   0.055  -0.034  -0.026  -0.020  -0.023  -0.036  -0.026   0.049   0.727  -0.015
      -0.037  -0.026  -0.033   0.048  -0.010  -0.040   0.398   0.137   0.368   0.517   0.004
  18   0.022   0.024   0.014   0.023   0.023   0.024  -0.161  -0.154  -0.154   0.017   0.021  -0.059   0.016   0.014   0.024  -0.155  -0.007   1.453
       0.009   0.022   0.016  -0.156   0.015   0.009   0.002  -0.012   0.002   0.004  -0.113
  19   0.085   0.066   0.307   0.065   0.066   0.066  -0.848  -0.813  -0.813   0.291   0.053  -0.289   0.030   0.309   0.081  -0.819  -0.090   0.044
       1.131   0.081   0.293  -0.823   0.030   0.811  -0.039   0.030  -0.044  -0.058  -0.582
  20   0.328   0.220   0.127   0.223   0.223   0.220  -1.218  -1.166  -1.167   0.129   0.203  -0.390   0.171   0.126   0.411  -1.175  -0.093   0.171
       0.121   0.536   0.126  -1.181   0.176   0.129  -0.002  -0.094   0.036  -0.037  -0.825
  21   0.073   0.078   0.355   0.079   0.080   0.078  -0.735  -0.704  -0.705   0.438   0.068  -0.252   0.046   0.358   0.072  -0.710  -0.070   0.071
       0.257   0.073   0.521  -0.713   0.047   0.264  -0.020   0.076  -0.027  -0.036  -0.506
  22  -0.117  -0.116  -0.122  -0.115  -0.115  -0.116   0.727   0.822   0.822  -0.121  -0.117   0.187  -0.119  -0.122  -0.117   0.986   0.017  -0.118
      -0.122  -0.117  -0.121   1.135  -0.116  -0.123  -0.044  -0.098  -0.049  -0.022   0.500
  23   0.072   0.082   0.033   0.082   0.083   0.082  -0.512  -0.489  -0.490   0.035   0.074  -0.187   0.674   0.033   0.076  -0.493  -0.014   0.049
       0.019   0.074   0.034  -0.496   1.290   0.021   0.032  -0.033   0.043   0.013  -0.358
  24   0.077   0.060   0.262   0.060   0.060   0.060  -0.742  -0.711  -0.711   0.260   0.049  -0.259   0.029   0.263   0.075  -0.716  -0.084   0.042
       0.704   0.075   0.262  -0.720   0.029   0.978  -0.038   0.022  -0.041  -0.055  -0.512
  25  -0.002   0.008  -0.026   0.014   0.012   0.008  -0.302  -0.255  -0.255  -0.021  -0.001  -0.156   0.011  -0.026  -0.002  -0.265   0.863   0.011
      -0.035  -0.001  -0.021  -0.268   0.046  -0.040   1.307   0.546   0.804   0.899  -0.234
  26  -0.003  -0.003   0.007  -0.002  -0.003  -0.003  -0.034  -0.031  -0.031   0.004  -0.003  -0.016  -0.003   0.006  -0.003  -0.032   0.016  -0.003
       0.001  -0.003   0.004  -0.032  -0.003   0.001   0.029   3.898   0.016   0.018  -0.025
  27   0.003   0.002  -0.008   0.003   0.003   0.002  -0.082  -0.071  -0.071  -0.007  -0.000  -0.041   0.005  -0.008   0.005  -0.073   0.196   0.002
      -0.010   0.005  -0.007  -0.074   0.015  -0.010   0.197   0.072   0.891   0.201  -0.063
  28  -0.011  -0.007  -0.021  -0.004  -0.004  -0.007  -0.083  -0.058  -0.058  -0.019  -0.011  -0.056  -0.007  -0.021  -0.011  -0.063   0.543   0.010
      -0.026  -0.011  -0.018  -0.065   0.009  -0.028   0.435   0.161   0.396   0.757  -0.071
  29  -0.008  -0.008  -0.008  -0.008  -0.008  -0.008   0.045   0.050   0.050  -0.008  -0.008   0.046  -0.008  -0.008  -0.008   0.048   0.000  -0.008
      -0.008  -0.008  -0.008   0.048  -0.008  -0.008  -0.004  -0.008  -0.004  -0.002   1.203
 ... 3: testing inverse: ICNT=0 is good
     ICNT=           0
 ... Matrix at step 5
   1   2.786  -2.670
   2  -2.670   3.555
 ... 6: testing inverse: ICNT=0 is good
     ICNT=           0
 ... Aggregate rates RHS [ns-1]
   1 -0.032573  0.004250
   2  0.032573 -0.004250
 ... Aggregate rates RHS [microseconds-1]
   1   -32.573     4.250
   2    32.573    -4.250
... Times=1/rates [ns] with RCUT=  0.000333
   1       30.70      235.29
   2       30.70      235.29
 ... Fluxes F(I,J)=1000*R(I,J)*PCG(J)[us-1]
   1    0.000000    3.759479
   2    3.759479    0.000000
 ... Symmetrized rates RHSS
   1 -0.032573  0.011766
   2  0.011766 -0.004250
 ... Eigenvalues as rates -EV(I), I=1,NS [ns-1]
  0.368232E-01  0.246414E-08
 ... Lifetimes -1/EV(I) [ns], I=1,NS-1
     27.156787
 ... Eigenvectors of RHSS in rows 
   1  0.940523E+00 -0.339730E+00
   2  0.339730E+00  0.940523E+00
 ... L, R & sym EV with slowest rate
    2.768443    0.319524    0.940523
   -0.361214   -0.319524   -0.339730
 ... Peq in CG from zero eigenvector: normalized
 ... TOT =  0.99999999999999978     
 ...  VECR(I,NCG)/TOT  PCG 
   1    0.115416    0.115416
   2    0.884584    0.884584
 ... Testing diagonalization, ICNT=0 is good
 ... ICNT=           0
 ... PCG, RHS and eigenv written to redi,dat
