  >>>>>>>>>Kinetic dimensionality reduction<<<<<<<<<<
  ...# microstates NS =          27  aggregates NCG =           2
 ...  rate cutoff RCUT=  0.3330E-03
 ... Testing A matrix
 1   0.0 1.0
 2   0.0 1.0
 3   0.0 1.0
 4   0.0 1.0
 5   0.0 1.0
 6   0.0 1.0
 7   0.0 1.0
 8   0.0 1.0
 9   1.0 0.0
10   0.0 1.0
11   0.0 1.0
12   0.0 1.0
13   0.0 1.0
14   0.0 1.0
15   0.0 1.0
16   0.0 1.0
17   0.0 1.0
18   0.0 1.0
19   0.0 1.0
20   0.0 1.0
21   0.0 1.0
22   0.0 1.0
23   0.0 1.0
24   0.0 1.0
25   0.0 1.0
26   0.0 1.0
27   0.0 1.0
  ...Data will be read from peqk150.dat                                                             
 ... Populations 
   1    0.073337
   2    0.134159
   3    0.074445
   4    0.080452
   5    0.029387
   6    0.026195
   7    0.065008
   8    0.023019
   9    0.016128
  10    0.021793
  11    0.036184
  12    0.029266
  13    0.036026
  14    0.063153
  15    0.065206
  16    0.012772
  17    0.018294
  18    0.028158
  19    0.017622
  20    0.005687
  21    0.028416
  22    0.025467
  23    0.012618
  24    0.024770
  25    0.024011
  26    0.024209
  27    0.004218
...... Testing: TOT =    1.000000
 ... Input rates 
   1 -13.205   5.242   0.078   0.259   0.203   0.092   1.352   0.357   0.020   0.030   0.134   0.121   0.013   0.531   0.334   0.013   0.485   0.057
       2.627   0.000   0.091   0.317   0.000   0.020   0.013   0.013   0.038
   2   9.589 -14.622   0.641  10.075   0.384   0.573   0.930   0.126   0.030   2.672   0.397   0.066   0.085   1.857   0.089   0.000   4.497   0.040
       0.787   0.028   0.244   0.044   0.000   0.124   0.000   0.020   0.076
   3   0.079   0.356  -9.533   0.086   0.110   0.105   0.407   0.000   0.010   0.289   0.736   0.033   0.022   0.117   8.314   0.000   0.485   0.029
       0.265   0.000   0.068   0.063   0.000   0.026   0.437   0.140   0.000
   4   0.284   6.041   0.093 -13.445   0.005   0.105   1.288   0.364   0.000   0.459   0.049   0.099   0.027   0.616   0.324   0.000   0.732   0.109
       2.169   0.000   0.062   0.019   0.013   0.553   0.000   0.060   0.115
   5   0.081   0.084   0.043   0.002  -6.696   0.000   0.020   0.014   0.020   0.318   0.098   0.006   0.000   0.038   0.037   0.088   0.009   0.000
       0.018   0.255   0.023   5.966   0.000   0.091   0.007   0.020   0.038
   6   0.033   0.112   0.037   0.034   0.000  -7.106   0.027   6.559   0.010   0.030   0.004   0.011   0.000   0.066   0.005   0.013   0.115   0.000
       0.027   0.170   0.011   0.013   0.026   0.000   0.000   0.000   0.000
   7   1.199   0.451   0.355   1.041   0.044   0.068  -4.799   0.056   0.000   0.007   0.004   0.000   0.045   0.199   0.022   0.000   0.547   0.000
       0.247   0.028   0.017   0.025   0.000   0.026   0.141   0.540   0.076
   8   0.112   0.022   0.000   0.104   0.011   5.764   0.020  -8.016   0.000   0.022   0.013   0.006   0.004   0.100   0.012   0.000   0.035   0.000
       0.073   0.199   0.017   0.006   0.000   0.007   0.000   0.000   0.038
   9   0.004   0.004   0.002   0.000   0.011   0.006   0.000   0.000  -0.220   0.000   0.000   0.017   0.000   0.000   0.002   0.013   0.000   0.006
       0.000   0.000   0.023   0.013   0.000   0.007   0.000   0.000   0.000
  10   0.009   0.434   0.084   0.124   0.236   0.025   0.002   0.021   0.000 -13.219   0.036   0.011   0.013   0.036   0.010   0.013   0.035   0.011
       0.018   0.028   0.000   0.057   0.000   6.961   0.020   0.660   1.836
  11   0.066   0.107   0.357   0.022   0.121   0.006   0.002   0.021   0.000   0.059 -10.137   0.044   0.000   0.066   4.361   0.000   0.018   0.000
       0.037   0.000   0.011   0.114   0.000   0.026   0.786   0.000   0.000
  12   0.048   0.014   0.013   0.036   0.005   0.012   0.000   0.007   0.030   0.015   0.036  -6.283   0.004   0.010   0.047   0.013   0.018   0.006
       0.027   0.000   5.835   0.013   0.000   0.020   0.007   0.000   0.000
  13   0.007   0.023   0.011   0.012   0.000   0.000   0.025   0.007   0.000   0.022   0.000   0.006  -6.170   0.008   0.005   0.164   0.018   7.367
       0.027   0.000   0.006   0.000   0.205   0.000   0.000   0.027   0.000
  14   0.457   0.874   0.100   0.483   0.082   0.160   0.194   0.273   0.000   0.104   0.116   0.022   0.013  -3.928   0.087   0.000   0.132   0.057
       0.165   0.000   0.051   0.025   0.013   0.059   0.054   0.013   0.000
  15   0.297   0.043   7.282   0.263   0.082   0.012   0.022   0.035   0.010   0.030   7.859   0.105   0.009   0.089 -14.184   0.000   0.220   0.006
       0.613   0.000   0.000   0.222   0.013   0.189   0.390   0.000   0.000
  16   0.002   0.000   0.000   0.000   0.038   0.006   0.000   0.000   0.010   0.007   0.000   0.006   0.058   0.000   0.000  -0.758   0.000   0.046
       0.000   0.369   0.000   0.063   0.026   0.000   0.000   0.013   0.000
  17   0.121   0.613   0.119   0.166   0.005   0.080   0.154   0.028   0.000   0.030   0.009   0.011   0.009   0.038   0.062   0.000 -14.618   0.011
       7.323   0.000   0.023   0.006   0.000   0.007   0.013   0.013   0.497
  18   0.022   0.008   0.011   0.038   0.000   0.000   0.000   0.000   0.010   0.015   0.000   0.006   5.758   0.026   0.002   0.101   0.018  -7.911
       0.009   0.000   0.011   0.000   0.230   0.013   0.000   0.033   0.038
  19   0.631   0.103   0.063   0.475   0.011   0.018   0.067   0.056   0.000   0.015   0.018   0.017   0.013   0.046   0.166   0.000   7.053   0.006
     -14.609   0.000   0.017   0.006   0.000   0.020   0.013   0.013   0.306
  20   0.000   0.001   0.000   0.000   0.049   0.037   0.002   0.049   0.000   0.007   0.000   0.000   0.000   0.000   0.000   0.164   0.000   0.000
       0.000  -1.361   0.000   0.051   0.013   0.007   0.000   0.000   0.000
  21   0.035   0.052   0.026   0.022   0.022   0.012   0.007   0.021   0.040   0.000   0.009   5.666   0.004   0.023   0.000   0.000   0.035   0.011
       0.027   0.000  -6.539   0.013   0.000   0.013   0.000   0.007   0.000
  22   0.110   0.008   0.022   0.006   5.170   0.012   0.010   0.007   0.020   0.067   0.080   0.011   0.000   0.010   0.087   0.126   0.009   0.000
       0.009   0.227   0.011  -7.151   0.000   0.085   0.020   0.013   0.000
  23   0.000   0.000   0.000   0.002   0.000   0.012   0.000   0.000   0.000   0.000   0.000   0.000   0.072   0.003   0.002   0.025   0.000   0.103
       0.000   0.028   0.000   0.000  -0.562   0.000   0.000   0.013   0.000
  24   0.007   0.023   0.009   0.170   0.077   0.000   0.010   0.007   0.010   7.912   0.018   0.017   0.000   0.023   0.072   0.000   0.009   0.011
       0.027   0.028   0.011   0.082   0.000 -12.776   0.047   4.211   2.141
  25   0.004   0.000   0.141   0.000   0.005   0.000   0.052   0.000   0.000   0.022   0.522   0.006   0.000   0.020   0.143   0.000   0.018   0.000
       0.018   0.000   0.000   0.019   0.000   0.046  -1.988   0.040   0.000
  26   0.004   0.004   0.045   0.018   0.016   0.000   0.201   0.000   0.000   0.733   0.000   0.000   0.018   0.005   0.000   0.025   0.018   0.029
       0.018   0.000   0.006   0.013   0.026   4.115   0.040  -6.076   1.300
  27   0.002   0.002   0.000   0.006   0.005   0.000   0.005   0.007   0.000   0.355   0.000   0.000   0.000   0.000   0.000   0.000   0.115   0.006
       0.073   0.000   0.000   0.000   0.000   0.365   0.000   0.227  -6.501
 ... Aggregate populations PCG
   1    0.016128
   2    0.983872
 ... WORK at step 2 
   1  13.279  -5.169  -0.005  -0.185  -0.130  -0.019  -1.279  -0.284   0.053   0.044  -0.060  -0.048   0.060  -0.458  -0.261   0.061  -0.412   0.016
      -2.554   0.073  -0.017  -0.243   0.073   0.054   0.060   0.060   0.035
   2  -9.455  14.756  -0.507  -9.940  -0.250  -0.439  -0.796   0.008   0.104  -2.538  -0.263   0.068   0.049  -1.723   0.045   0.134  -4.362   0.094
      -0.653   0.106  -0.110   0.090   0.134   0.010   0.134   0.114   0.058
   3  -0.005  -0.281   9.608  -0.012  -0.035  -0.030  -0.332   0.074   0.064  -0.214  -0.661   0.041   0.052  -0.043  -8.240   0.074  -0.410   0.046
      -0.191   0.074   0.006   0.011   0.074   0.048  -0.362  -0.065   0.074
   4  -0.203  -5.961  -0.013  13.525   0.075  -0.024  -1.207  -0.284   0.080  -0.378   0.031  -0.019   0.054  -0.535  -0.244   0.080  -0.651  -0.028
      -2.089   0.080   0.018   0.061   0.068  -0.473   0.080   0.020  -0.034
   5  -0.052  -0.055  -0.014   0.027   6.726   0.029   0.010   0.015   0.009  -0.289  -0.069   0.024   0.029  -0.009  -0.008  -0.059   0.021   0.029
       0.011  -0.226   0.007  -5.937   0.029  -0.062   0.023   0.009  -0.009
   6  -0.007  -0.086  -0.011  -0.008   0.026   7.132  -0.001  -6.533   0.016  -0.003   0.022   0.015   0.026  -0.040   0.021   0.014  -0.088   0.026
      -0.001  -0.144   0.015   0.014   0.001   0.026   0.026   0.026   0.026
   7  -1.134  -0.386  -0.290  -0.976   0.021  -0.003   4.864   0.009   0.065   0.058   0.061   0.065   0.020  -0.134   0.043   0.065  -0.482   0.065
      -0.182   0.037   0.048   0.040   0.065   0.039  -0.076  -0.475  -0.011
   8  -0.089   0.001   0.023  -0.081   0.012  -5.741   0.003   8.039   0.023   0.001   0.010   0.018   0.019  -0.077   0.011   0.023  -0.012   0.023
      -0.050  -0.176   0.006   0.017   0.023   0.017   0.023   0.023  -0.015
   9   0.012   0.013   0.014   0.016   0.005   0.010   0.016   0.016   0.236   0.016   0.016  -0.000   0.016   0.016   0.014   0.003   0.016   0.010
       0.016   0.016  -0.007   0.003   0.016   0.010   0.016   0.016   0.016
  10   0.013  -0.412  -0.063  -0.103  -0.214  -0.003   0.019   0.001   0.022  13.241  -0.014   0.011   0.008  -0.014   0.012   0.009  -0.013   0.010
       0.003  -0.007   0.022  -0.035   0.022  -6.939   0.002  -0.638  -1.814
  11  -0.030  -0.071  -0.321   0.014  -0.085   0.030   0.034   0.015   0.036  -0.023  10.173  -0.008   0.036  -0.030  -4.325   0.036   0.019   0.036
      -0.000   0.036   0.025  -0.078   0.036   0.010  -0.750   0.036   0.036
  12  -0.019   0.015   0.016  -0.007   0.024   0.017   0.029   0.022  -0.001   0.014  -0.006   6.312   0.025   0.019  -0.018   0.017   0.012   0.024
       0.002   0.029  -5.806   0.017   0.029   0.010   0.023   0.029   0.029
  13   0.029   0.013   0.025   0.024   0.036   0.036   0.011   0.029   0.036   0.014   0.036   0.031   6.206   0.028   0.031  -0.128   0.018  -7.331
       0.009   0.036   0.030   0.036  -0.168   0.036   0.036   0.009   0.036
  14  -0.394  -0.811  -0.037  -0.420  -0.019  -0.097  -0.130  -0.210   0.063  -0.040  -0.053   0.041   0.050   3.991  -0.023   0.063  -0.069   0.006
      -0.102   0.063   0.012   0.038   0.050   0.005   0.009   0.050   0.063
  15  -0.232   0.022  -7.217  -0.197  -0.017   0.053   0.043   0.030   0.055   0.036  -7.794  -0.040   0.056  -0.024  14.249   0.065  -0.155   0.059
      -0.548   0.065   0.065  -0.156   0.052  -0.124  -0.324   0.065   0.065
  16   0.011   0.013   0.013   0.013  -0.026   0.007   0.013   0.013   0.003   0.005   0.013   0.007  -0.045   0.013   0.013   0.771   0.013  -0.033
       0.013  -0.356   0.013  -0.051  -0.013   0.013   0.013  -0.001   0.013
  17  -0.103  -0.595  -0.101  -0.148   0.013  -0.062  -0.136  -0.010   0.018  -0.011   0.009   0.007   0.009  -0.020  -0.044   0.018  14.637   0.007
      -7.304   0.018  -0.004   0.012   0.018   0.012   0.005   0.005  -0.479
  18   0.006   0.020   0.017  -0.010   0.028   0.028   0.028   0.028   0.018   0.013   0.028   0.023  -5.730   0.003   0.026  -0.073   0.011   7.939
       0.019   0.028   0.017   0.028  -0.202   0.015   0.028  -0.005  -0.010
  19  -0.614  -0.086  -0.045  -0.458   0.007  -0.001  -0.049  -0.038   0.018   0.003  -0.000   0.001   0.004  -0.028  -0.148   0.018  -7.036   0.012
      14.626   0.018   0.001   0.011   0.018  -0.002   0.004   0.004  -0.288
  20   0.006   0.004   0.006   0.006  -0.044  -0.031   0.003  -0.043   0.006  -0.002   0.006   0.006   0.006   0.006   0.006  -0.158   0.006   0.006
       0.006   1.367   0.006  -0.045  -0.007  -0.001   0.006   0.006   0.006
  21  -0.007  -0.023   0.002   0.006   0.006   0.016   0.021   0.007  -0.012   0.028   0.020  -5.637   0.024   0.005   0.028   0.028  -0.007   0.017
       0.001   0.028   6.568   0.016   0.028   0.015   0.028   0.022   0.028
  22  -0.085   0.017   0.004   0.019  -5.145   0.013   0.016   0.018   0.005  -0.041  -0.055   0.014   0.025   0.015  -0.061  -0.101   0.017   0.025
       0.016  -0.201   0.014   7.176   0.025  -0.059   0.005   0.012   0.025
  23   0.013   0.013   0.013   0.011   0.013   0.000   0.013   0.013   0.013   0.013   0.013   0.013  -0.059   0.010   0.010  -0.013   0.013  -0.090
       0.013  -0.016   0.013   0.013   0.575   0.013   0.013  -0.001   0.013
  24   0.018   0.002   0.016  -0.146  -0.052   0.025   0.015   0.018   0.015  -7.887   0.007   0.008   0.025   0.002  -0.047   0.025   0.016   0.013
      -0.003  -0.004   0.013  -0.058   0.025  12.801  -0.022  -4.186  -2.117
  25   0.020   0.024  -0.117   0.024   0.019   0.024  -0.028   0.024   0.024   0.002  -0.498   0.018   0.024   0.004  -0.119   0.024   0.006   0.024
       0.006   0.024   0.024   0.005   0.024  -0.022   2.012  -0.016   0.024
  26   0.020   0.021  -0.021   0.006   0.008   0.024  -0.177   0.024   0.024  -0.709   0.024   0.024   0.006   0.019   0.024  -0.001   0.007  -0.004
       0.006   0.024   0.019   0.012  -0.001  -4.091  -0.016   6.101  -1.276
  27   0.002   0.002   0.004  -0.002  -0.001   0.004  -0.001  -0.003   0.004  -0.351   0.004   0.004   0.004   0.004   0.004   0.004  -0.110  -0.002
      -0.069   0.004   0.004   0.004   0.004  -0.360   0.004  -0.222   6.505
 ... Inverse at step 3
   1   0.207   0.148   0.073   0.134   0.045   0.074   0.129   0.076  -0.286   0.083   0.068  -0.003  -0.130   0.118   0.071  -0.145   0.130  -0.128
       0.134  -0.053  -0.002   0.043  -0.224   0.073   0.040   0.065   0.072
   2   0.270   0.312   0.134   0.274   0.074   0.137   0.222   0.137  -0.531   0.173   0.123  -0.011  -0.234   0.226   0.129  -0.269   0.242  -0.231
       0.235  -0.100  -0.008   0.066  -0.406   0.151   0.071   0.133   0.147
   3   0.074   0.074   0.326   0.073   0.049   0.025   0.079   0.024  -0.302   0.059   0.240  -0.016  -0.162   0.065   0.268  -0.167   0.084  -0.161
       0.086  -0.076  -0.017   0.049  -0.254   0.054   0.194   0.048   0.046
   4   0.147   0.164   0.078   0.221   0.037   0.081   0.139   0.083  -0.324   0.102   0.072  -0.008  -0.137   0.131   0.076  -0.163   0.142  -0.135
       0.144  -0.063  -0.007   0.033  -0.240   0.092   0.042   0.082   0.089
   5   0.018   0.016   0.019   0.014   0.425   0.001   0.012   0.002  -0.060   0.037   0.024  -0.017  -0.060   0.012   0.021   0.077   0.013  -0.059
       0.013   0.138  -0.017   0.355  -0.089   0.034   0.011   0.027   0.027
   6   0.026   0.027   0.009   0.026   0.001   0.424   0.021   0.349  -0.100   0.012   0.006  -0.012  -0.057   0.031   0.008  -0.034   0.026  -0.056
       0.025   0.076  -0.012   0.000  -0.069   0.008  -0.004   0.005   0.009
   7   0.114   0.107   0.069   0.112   0.027   0.053   0.297   0.054  -0.272   0.073   0.059  -0.021  -0.116   0.092   0.063  -0.136   0.103  -0.115
       0.101  -0.054  -0.020   0.024  -0.200   0.070   0.048   0.077   0.069
   8   0.024   0.024   0.007   0.024   0.001   0.306   0.019   0.377  -0.091   0.010   0.006  -0.011  -0.050   0.028   0.007  -0.031   0.023  -0.049
       0.023   0.068  -0.010   0.001  -0.064   0.007  -0.004   0.004   0.009
   9  -0.063  -0.064  -0.066  -0.065  -0.033  -0.062  -0.067  -0.064   4.451  -0.064  -0.066   0.046  -0.071  -0.067  -0.065   0.001  -0.066  -0.069
      -0.066  -0.047   0.047  -0.031  -0.094  -0.063  -0.073  -0.066  -0.067
  10   0.025   0.028   0.017   0.028   0.027   0.010   0.024   0.010  -0.086   0.173   0.016  -0.010  -0.035   0.021   0.016  -0.031   0.024  -0.035
       0.024  -0.006  -0.010   0.025  -0.060   0.136   0.013   0.116   0.118
  11   0.033   0.033   0.117   0.032   0.029   0.009   0.033   0.009  -0.149   0.026   0.220  -0.008  -0.084   0.030   0.138  -0.081   0.037  -0.083
       0.038  -0.036  -0.009   0.030  -0.127   0.024   0.127   0.020   0.020
  12  -0.001  -0.002  -0.006  -0.003  -0.017  -0.014  -0.009  -0.014   0.083  -0.014  -0.006   0.766  -0.077  -0.006  -0.006  -0.073  -0.003  -0.076
      -0.003  -0.054   0.679  -0.018  -0.117  -0.015  -0.019  -0.019  -0.019
  13  -0.064  -0.063  -0.078  -0.061  -0.073  -0.078  -0.064  -0.078  -0.159  -0.058  -0.083  -0.094   1.333  -0.062  -0.080   0.421  -0.063   1.249
      -0.063   0.055  -0.094  -0.073   0.942  -0.057  -0.096  -0.048  -0.055
  14   0.102   0.106   0.055   0.103   0.026   0.076   0.089   0.078  -0.263   0.062   0.052  -0.013  -0.109   0.332   0.054  -0.131   0.090  -0.107
       0.090  -0.050  -0.012   0.022  -0.186   0.054   0.032   0.046   0.050
  15   0.063   0.063   0.235   0.062   0.047   0.019   0.063   0.019  -0.265   0.049   0.248  -0.013  -0.145   0.055   0.287  -0.146   0.072  -0.144
       0.075  -0.066  -0.015   0.048  -0.224   0.046   0.183   0.039   0.038
  16  -0.025  -0.026  -0.029  -0.026   0.033  -0.017  -0.027  -0.017   0.001  -0.018  -0.029  -0.032   0.149  -0.026  -0.029   1.454  -0.026   0.147
      -0.026   0.394  -0.032   0.038   0.163  -0.018  -0.033  -0.016  -0.020
  17   0.032   0.033   0.021   0.032   0.008   0.018   0.029   0.018  -0.075   0.020   0.019  -0.002  -0.032   0.026   0.020  -0.038   0.118  -0.032
       0.072  -0.015  -0.001   0.007  -0.056   0.018   0.012   0.017   0.026
  18  -0.049  -0.049  -0.061  -0.047  -0.057  -0.060  -0.050  -0.060  -0.121  -0.045  -0.064  -0.073   0.976  -0.048  -0.062   0.324  -0.049   1.041
      -0.049   0.042  -0.072  -0.056   0.738  -0.044  -0.074  -0.037  -0.042
  19   0.032   0.031   0.020   0.031   0.008   0.017   0.027   0.017  -0.072   0.019   0.019  -0.002  -0.031   0.025   0.020  -0.037   0.070  -0.031
       0.117  -0.015  -0.001   0.007  -0.054   0.017   0.012   0.016   0.024
  20  -0.004  -0.004  -0.006  -0.004   0.027   0.016  -0.005   0.017  -0.017  -0.002  -0.006  -0.011   0.009  -0.004  -0.006   0.175  -0.005   0.009
      -0.005   0.792  -0.011   0.028   0.023  -0.002  -0.008  -0.003  -0.003
  21  -0.001  -0.002  -0.007  -0.002  -0.016  -0.013  -0.009  -0.012   0.083  -0.013  -0.007   0.659  -0.074  -0.005  -0.006  -0.072  -0.002  -0.073
      -0.002  -0.053   0.736  -0.017  -0.113  -0.015  -0.019  -0.019  -0.018
  22   0.015   0.013   0.017   0.010   0.307   0.000   0.009   0.001  -0.050   0.029   0.021  -0.015  -0.051   0.009   0.019   0.076   0.010  -0.051
       0.010   0.126  -0.015   0.397  -0.077   0.027   0.010   0.021   0.021
  23  -0.039  -0.038  -0.043  -0.038  -0.038  -0.033  -0.039  -0.035  -0.074  -0.035  -0.044  -0.051   0.330  -0.037  -0.043   0.161  -0.039   0.331
      -0.039   0.051  -0.050  -0.038   2.014  -0.034  -0.049  -0.028  -0.034
  24   0.025   0.028   0.018   0.028   0.028   0.008   0.027   0.008  -0.097   0.154   0.016  -0.013  -0.039   0.021   0.017  -0.036   0.025  -0.039
       0.024  -0.008  -0.013   0.026  -0.066   0.224   0.015   0.177   0.153
  25   0.013   0.013   0.063   0.012   0.009  -0.004   0.018  -0.004  -0.109   0.014   0.084  -0.016  -0.064   0.012   0.068  -0.063   0.016  -0.063
       0.016  -0.033  -0.016   0.010  -0.093   0.015   0.554   0.014   0.010
  26   0.021   0.024   0.016   0.025   0.022   0.004   0.029   0.005  -0.099   0.129   0.013  -0.016  -0.033   0.018   0.015  -0.031   0.022  -0.032
       0.021  -0.011  -0.016   0.020  -0.054   0.173   0.014   0.303   0.154
  27   0.004   0.005   0.003   0.005   0.004   0.001   0.004   0.002  -0.017   0.023   0.002  -0.003  -0.006   0.003   0.002  -0.007   0.006  -0.006
       0.006  -0.002  -0.003   0.003  -0.011   0.026   0.002   0.027   0.175
 ... 3: testing inverse: ICNT=0 is good
     ICNT=           0
 ... Matrix at step 5
   1   0.072  -0.056
   2  -0.056   1.040
 ... 6: testing inverse: ICNT=0 is good
     ICNT=           0
 ... Aggregate rates RHS [ns-1]
   1 -0.218248  0.003578
   2  0.218248 -0.003578
 ... Aggregate rates RHS [microseconds-1]
   1  -218.248     3.578
   2   218.248    -3.578
... Times=1/rates [ns] with RCUT=  0.000333
   1        4.58      279.51
   2        4.58      279.51
 ... Fluxes F(I,J)=1000*R(I,J)*PCG(J)[us-1]
   1    0.000000    3.519932
   2    3.519932    0.000000
 ... Symmetrized rates RHSS
   1 -0.218248  0.027943
   2  0.027943 -0.003578
 ... Eigenvalues as rates -EV(I), I=1,NS [ns-1]
  0.221825E+00  0.955662E-08
 ... Lifetimes -1/EV(I) [ns], I=1,NS-1
      4.508050
 ... Eigenvectors of RHSS in rows 
   1  0.991903E+00 -0.126997E+00
   2  0.126997E+00  0.991903E+00
 ... L, R & sym EV with slowest rate
    7.810467    0.125968    0.991903
   -0.128033   -0.125968   -0.126997
 ... Peq in CG from zero eigenvector: normalized
 ... TOT =  0.99999999999999989     
 ...  VECR(I,NCG)/TOT  PCG 
   1    0.016128    0.016128
   2    0.983872    0.983872
 ... Testing diagonalization, ICNT=0 is good
 ... ICNT=           0
 ... PCG, RHS and eigenv written to redi,dat
